=== RUN   TestControlPlanePipelineCapacityBaseline
    capacity_integration_test.go:72: PIPELINE phase=ADMITTED reached=1100/100000 deferred=0 deferred<=30s=0 maxRetry=0
    capacity_integration_test.go:72: PIPELINE phase=ADMITTED reached=2200/100000 deferred=0 deferred<=30s=0 maxRetry=0
    capacity_integration_test.go:72: PIPELINE phase=ADMITTED reached=3300/100000 deferred=0 deferred<=30s=0 maxRetry=0
    capacity_integration_test.go:72: PIPELINE phase=ADMITTED reached=4400/100000 deferred=0 deferred<=30s=0 maxRetry=0
    capacity_integration_test.go:72: PIPELINE phase=ADMITTED reached=5500/100000 deferred=0 deferred<=30s=0 maxRetry=0
    capacity_integration_test.go:72: PIPELINE phase=ADMITTED reached=6600/100000 deferred=0 deferred<=30s=0 maxRetry=0
    capacity_integration_test.go:72: PIPELINE phase=ADMITTED reached=7700/100000 deferred=0 deferred<=30s=0 maxRetry=0
    capacity_integration_test.go:72: PIPELINE phase=ADMITTED reached=8750/100000 deferred=0 deferred<=30s=0 maxRetry=0
    capacity_integration_test.go:72: PIPELINE phase=ADMITTED reached=9800/100000 deferred=0 deferred<=30s=0 maxRetry=0
    capacity_integration_test.go:72: PIPELINE phase=ADMITTED reached=10900/100000 deferred=0 deferred<=30s=0 maxRetry=0
    capacity_integration_test.go:72: PIPELINE phase=ADMITTED reached=12000/100000 deferred=0 deferred<=30s=0 maxRetry=0
    capacity_integration_test.go:72: PIPELINE phase=ADMITTED reached=13100/100000 deferred=0 deferred<=30s=0 maxRetry=0
    capacity_integration_test.go:72: PIPELINE phase=ADMITTED reached=14200/100000 deferred=0 deferred<=30s=0 maxRetry=0
    capacity_integration_test.go:72: PIPELINE phase=ADMITTED reached=15300/100000 deferred=0 deferred<=30s=0 maxRetry=0
    capacity_integration_test.go:72: PIPELINE phase=ADMITTED reached=16450/100000 deferred=0 deferred<=30s=0 maxRetry=0
    capacity_integration_test.go:72: PIPELINE phase=ADMITTED reached=17600/100000 deferred=0 deferred<=30s=0 maxRetry=0
    capacity_integration_test.go:72: PIPELINE phase=ADMITTED reached=18700/100000 deferred=0 deferred<=30s=0 maxRetry=0
    capacity_integration_test.go:72: PIPELINE phase=ADMITTED reached=19850/100000 deferred=0 deferred<=30s=0 maxRetry=0
    capacity_integration_test.go:72: PIPELINE phase=ADMITTED reached=21000/100000 deferred=0 deferred<=30s=0 maxRetry=0
    capacity_integration_test.go:72: PIPELINE phase=ADMITTED reached=22150/100000 deferred=0 deferred<=30s=0 maxRetry=0
    capacity_integration_test.go:72: PIPELINE phase=ADMITTED reached=23300/100000 deferred=0 deferred<=30s=0 maxRetry=0
    capacity_integration_test.go:72: PIPELINE phase=ADMITTED reached=24500/100000 deferred=0 deferred<=30s=0 maxRetry=0
    capacity_integration_test.go:72: PIPELINE phase=ADMITTED reached=25650/100000 deferred=0 deferred<=30s=0 maxRetry=0
    capacity_integration_test.go:72: PIPELINE phase=ADMITTED reached=26800/100000 deferred=0 deferred<=30s=0 maxRetry=0
    capacity_integration_test.go:72: PIPELINE phase=ADMITTED reached=27950/100000 deferred=0 deferred<=30s=0 maxRetry=0
    capacity_integration_test.go:72: PIPELINE phase=ADMITTED reached=29100/100000 deferred=0 deferred<=30s=0 maxRetry=0
    capacity_integration_test.go:72: PIPELINE phase=ADMITTED reached=30250/100000 deferred=0 deferred<=30s=0 maxRetry=0
    capacity_integration_test.go:72: PIPELINE phase=ADMITTED reached=31400/100000 deferred=0 deferred<=30s=0 maxRetry=0
    capacity_integration_test.go:72: PIPELINE phase=ADMITTED reached=32600/100000 deferred=0 deferred<=30s=0 maxRetry=0
    capacity_integration_test.go:72: PIPELINE phase=ADMITTED reached=33750/100000 deferred=0 deferred<=30s=0 maxRetry=0
    capacity_integration_test.go:72: PIPELINE phase=ADMITTED reached=34950/100000 deferred=0 deferred<=30s=0 maxRetry=0
    capacity_integration_test.go:72: PIPELINE phase=ADMITTED reached=36100/100000 deferred=0 deferred<=30s=0 maxRetry=0
    capacity_integration_test.go:72: PIPELINE phase=ADMITTED reached=37300/100000 deferred=0 deferred<=30s=0 maxRetry=0
    capacity_integration_test.go:72: PIPELINE phase=ADMITTED reached=38500/100000 deferred=0 deferred<=30s=0 maxRetry=0
    capacity_integration_test.go:72: PIPELINE phase=ADMITTED reached=39700/100000 deferred=0 deferred<=30s=0 maxRetry=0
    capacity_integration_test.go:72: PIPELINE phase=ADMITTED reached=40900/100000 deferred=0 deferred<=30s=0 maxRetry=0
    capacity_integration_test.go:72: PIPELINE phase=ADMITTED reached=42100/100000 deferred=0 deferred<=30s=0 maxRetry=0
    capacity_integration_test.go:72: PIPELINE phase=ADMITTED reached=43300/100000 deferred=0 deferred<=30s=0 maxRetry=0
    capacity_integration_test.go:72: PIPELINE phase=ADMITTED reached=44500/100000 deferred=0 deferred<=30s=0 maxRetry=0
    capacity_integration_test.go:72: PIPELINE phase=ADMITTED reached=45700/100000 deferred=0 deferred<=30s=0 maxRetry=0
    capacity_integration_test.go:72: PIPELINE phase=ADMITTED reached=46900/100000 deferred=0 deferred<=30s=0 maxRetry=0
    capacity_integration_test.go:72: PIPELINE phase=ADMITTED reached=48050/100000 deferred=0 deferred<=30s=0 maxRetry=0
    capacity_integration_test.go:72: PIPELINE phase=ADMITTED reached=49200/100000 deferred=0 deferred<=30s=0 maxRetry=0
    capacity_integration_test.go:72: PIPELINE phase=ADMITTED reached=50400/100000 deferred=0 deferred<=30s=0 maxRetry=0
    capacity_integration_test.go:72: PIPELINE phase=ADMITTED reached=51650/100000 deferred=0 deferred<=30s=0 maxRetry=0
    capacity_integration_test.go:72: PIPELINE phase=ADMITTED reached=52900/100000 deferred=0 deferred<=30s=0 maxRetry=0
    capacity_integration_test.go:72: PIPELINE phase=ADMITTED reached=54150/100000 deferred=0 deferred<=30s=0 maxRetry=0
    capacity_integration_test.go:72: PIPELINE phase=ADMITTED reached=55350/100000 deferred=0 deferred<=30s=0 maxRetry=0
    capacity_integration_test.go:72: PIPELINE phase=ADMITTED reached=56600/100000 deferred=0 deferred<=30s=0 maxRetry=0
    capacity_integration_test.go:72: PIPELINE phase=ADMITTED reached=57850/100000 deferred=0 deferred<=30s=0 maxRetry=0
    capacity_integration_test.go:72: PIPELINE phase=ADMITTED reached=59100/100000 deferred=0 deferred<=30s=0 maxRetry=0
    capacity_integration_test.go:72: PIPELINE phase=ADMITTED reached=60350/100000 deferred=0 deferred<=30s=0 maxRetry=0
    capacity_integration_test.go:72: PIPELINE phase=ADMITTED reached=61550/100000 deferred=0 deferred<=30s=0 maxRetry=0
    capacity_integration_test.go:72: PIPELINE phase=ADMITTED reached=62800/100000 deferred=0 deferred<=30s=0 maxRetry=0
    capacity_integration_test.go:72: PIPELINE phase=ADMITTED reached=64050/100000 deferred=0 deferred<=30s=0 maxRetry=0
    capacity_integration_test.go:72: PIPELINE phase=ADMITTED reached=65300/100000 deferred=0 deferred<=30s=0 maxRetry=0
    capacity_integration_test.go:72: PIPELINE phase=ADMITTED reached=66600/100000 deferred=0 deferred<=30s=0 maxRetry=0
    capacity_integration_test.go:72: PIPELINE phase=ADMITTED reached=67800/100000 deferred=0 deferred<=30s=0 maxRetry=0
    capacity_integration_test.go:72: PIPELINE phase=ADMITTED reached=69050/100000 deferred=0 deferred<=30s=0 maxRetry=0
    capacity_integration_test.go:72: PIPELINE phase=ADMITTED reached=70300/100000 deferred=0 deferred<=30s=0 maxRetry=0
    capacity_integration_test.go:72: PIPELINE phase=ADMITTED reached=71550/100000 deferred=0 deferred<=30s=0 maxRetry=0
    capacity_integration_test.go:72: PIPELINE phase=ADMITTED reached=72800/100000 deferred=0 deferred<=30s=0 maxRetry=0
    capacity_integration_test.go:72: PIPELINE phase=ADMITTED reached=74050/100000 deferred=0 deferred<=30s=0 maxRetry=0
    capacity_integration_test.go:72: PIPELINE phase=ADMITTED reached=75300/100000 deferred=0 deferred<=30s=0 maxRetry=0
    capacity_integration_test.go:72: PIPELINE phase=ADMITTED reached=76550/100000 deferred=0 deferred<=30s=0 maxRetry=0
    capacity_integration_test.go:72: PIPELINE phase=ADMITTED reached=77800/100000 deferred=0 deferred<=30s=0 maxRetry=0
    capacity_integration_test.go:72: PIPELINE phase=ADMITTED reached=79100/100000 deferred=0 deferred<=30s=0 maxRetry=0
    capacity_integration_test.go:72: PIPELINE phase=ADMITTED reached=80400/100000 deferred=0 deferred<=30s=0 maxRetry=0
    capacity_integration_test.go:72: PIPELINE phase=ADMITTED reached=81750/100000 deferred=0 deferred<=30s=0 maxRetry=0
    capacity_integration_test.go:72: PIPELINE phase=ADMITTED reached=83050/100000 deferred=0 deferred<=30s=0 maxRetry=0
    capacity_integration_test.go:72: PIPELINE phase=ADMITTED reached=84350/100000 deferred=0 deferred<=30s=0 maxRetry=0
    capacity_integration_test.go:72: PIPELINE phase=ADMITTED reached=85650/100000 deferred=0 deferred<=30s=0 maxRetry=0
    capacity_integration_test.go:72: PIPELINE phase=ADMITTED reached=86950/100000 deferred=0 deferred<=30s=0 maxRetry=0
    capacity_integration_test.go:72: PIPELINE phase=ADMITTED reached=88300/100000 deferred=0 deferred<=30s=0 maxRetry=0
    capacity_integration_test.go:72: PIPELINE phase=ADMITTED reached=89600/100000 deferred=0 deferred<=30s=0 maxRetry=0
    capacity_integration_test.go:72: PIPELINE phase=ADMITTED reached=90900/100000 deferred=0 deferred<=30s=0 maxRetry=0
    capacity_integration_test.go:72: PIPELINE phase=ADMITTED reached=92200/100000 deferred=0 deferred<=30s=0 maxRetry=0
    capacity_integration_test.go:72: PIPELINE phase=ADMITTED reached=93500/100000 deferred=0 deferred<=30s=0 maxRetry=0
    capacity_integration_test.go:72: PIPELINE phase=ADMITTED reached=94850/100000 deferred=0 deferred<=30s=0 maxRetry=0
    capacity_integration_test.go:72: PIPELINE phase=ADMITTED reached=96250/100000 deferred=0 deferred<=30s=0 maxRetry=0
    capacity_integration_test.go:72: PIPELINE phase=ADMITTED reached=97600/100000 deferred=0 deferred<=30s=0 maxRetry=0
    capacity_integration_test.go:72: PIPELINE phase=ADMITTED reached=99000/100000 deferred=0 deferred<=30s=0 maxRetry=0
    capacity_integration_test.go:93: PIPELINE phase=RUNNING reached=450/100000 deferred=0 deferred<=30s=0 maxRetry=0
    capacity_integration_test.go:93: PIPELINE phase=RUNNING reached=850/100000 deferred=0 deferred<=30s=0 maxRetry=0
    capacity_integration_test.go:93: PIPELINE phase=RUNNING reached=1250/100000 deferred=0 deferred<=30s=0 maxRetry=0
    capacity_integration_test.go:93: PIPELINE phase=RUNNING reached=1700/100000 deferred=0 deferred<=30s=0 maxRetry=0
    capacity_integration_test.go:93: PIPELINE phase=RUNNING reached=2200/100000 deferred=0 deferred<=30s=0 maxRetry=0
    capacity_integration_test.go:93: PIPELINE phase=RUNNING reached=2700/100000 deferred=0 deferred<=30s=0 maxRetry=0
    capacity_integration_test.go:93: PIPELINE phase=RUNNING reached=3200/100000 deferred=0 deferred<=30s=0 maxRetry=0
    capacity_integration_test.go:93: PIPELINE phase=RUNNING reached=3700/100000 deferred=0 deferred<=30s=0 maxRetry=0
    capacity_integration_test.go:93: PIPELINE phase=RUNNING reached=4200/100000 deferred=0 deferred<=30s=0 maxRetry=0
    capacity_integration_test.go:93: PIPELINE phase=RUNNING reached=4700/100000 deferred=0 deferred<=30s=0 maxRetry=0
    capacity_integration_test.go:93: PIPELINE phase=RUNNING reached=5200/100000 deferred=0 deferred<=30s=0 maxRetry=0
    capacity_integration_test.go:93: PIPELINE phase=RUNNING reached=5700/100000 deferred=0 deferred<=30s=0 maxRetry=0
    capacity_integration_test.go:93: PIPELINE phase=RUNNING reached=6250/100000 deferred=0 deferred<=30s=0 maxRetry=0
    capacity_integration_test.go:93: PIPELINE phase=RUNNING reached=6750/100000 deferred=0 deferred<=30s=0 maxRetry=0
    capacity_integration_test.go:93: PIPELINE phase=RUNNING reached=7250/100000 deferred=0 deferred<=30s=0 maxRetry=0
    capacity_integration_test.go:93: PIPELINE phase=RUNNING reached=7750/100000 deferred=0 deferred<=30s=0 maxRetry=0
    capacity_integration_test.go:93: PIPELINE phase=RUNNING reached=8250/100000 deferred=0 deferred<=30s=0 maxRetry=0
    capacity_integration_test.go:93: PIPELINE phase=RUNNING reached=8650/100000 deferred=0 deferred<=30s=0 maxRetry=0
    capacity_integration_test.go:93: PIPELINE phase=RUNNING reached=9150/100000 deferred=0 deferred<=30s=0 maxRetry=0
    capacity_integration_test.go:93: PIPELINE phase=RUNNING reached=9650/100000 deferred=0 deferred<=30s=0 maxRetry=0
    capacity_integration_test.go:93: PIPELINE phase=RUNNING reached=10150/100000 deferred=0 deferred<=30s=0 maxRetry=0
    capacity_integration_test.go:93: PIPELINE phase=RUNNING reached=10650/100000 deferred=0 deferred<=30s=0 maxRetry=0
    capacity_integration_test.go:93: PIPELINE phase=RUNNING reached=11150/100000 deferred=0 deferred<=30s=0 maxRetry=0
    capacity_integration_test.go:93: PIPELINE phase=RUNNING reached=11700/100000 deferred=0 deferred<=30s=0 maxRetry=0
    capacity_integration_test.go:93: PIPELINE phase=RUNNING reached=12200/100000 deferred=0 deferred<=30s=0 maxRetry=0
    capacity_integration_test.go:93: PIPELINE phase=RUNNING reached=12750/100000 deferred=0 deferred<=30s=0 maxRetry=0
    capacity_integration_test.go:93: PIPELINE phase=RUNNING reached=13250/100000 deferred=0 deferred<=30s=0 maxRetry=0
    capacity_integration_test.go:93: PIPELINE phase=RUNNING reached=13800/100000 deferred=0 deferred<=30s=0 maxRetry=0
    capacity_integration_test.go:93: PIPELINE phase=RUNNING reached=14300/100000 deferred=0 deferred<=30s=0 maxRetry=0
    capacity_integration_test.go:93: PIPELINE phase=RUNNING reached=14750/100000 deferred=0 deferred<=30s=0 maxRetry=0
    capacity_integration_test.go:93: PIPELINE phase=RUNNING reached=15250/100000 deferred=0 deferred<=30s=0 maxRetry=0
    capacity_integration_test.go:93: PIPELINE phase=RUNNING reached=15800/100000 deferred=0 deferred<=30s=0 maxRetry=0
    capacity_integration_test.go:93: PIPELINE phase=RUNNING reached=16350/100000 deferred=0 deferred<=30s=0 maxRetry=0
    capacity_integration_test.go:93: PIPELINE phase=RUNNING reached=16900/100000 deferred=0 deferred<=30s=0 maxRetry=0
    capacity_integration_test.go:93: PIPELINE phase=RUNNING reached=17400/100000 deferred=0 deferred<=30s=0 maxRetry=0
    capacity_integration_test.go:93: PIPELINE phase=RUNNING reached=17900/100000 deferred=0 deferred<=30s=0 maxRetry=0
    capacity_integration_test.go:93: PIPELINE phase=RUNNING reached=18450/100000 deferred=0 deferred<=30s=0 maxRetry=0
    capacity_integration_test.go:93: PIPELINE phase=RUNNING reached=19000/100000 deferred=0 deferred<=30s=0 maxRetry=0
    capacity_integration_test.go:93: PIPELINE phase=RUNNING reached=19500/100000 deferred=0 deferred<=30s=0 maxRetry=0
    capacity_integration_test.go:93: PIPELINE phase=RUNNING reached=20000/100000 deferred=0 deferred<=30s=0 maxRetry=0
    capacity_integration_test.go:93: PIPELINE phase=RUNNING reached=20550/100000 deferred=0 deferred<=30s=0 maxRetry=0
    capacity_integration_test.go:93: PIPELINE phase=RUNNING reached=21100/100000 deferred=0 deferred<=30s=0 maxRetry=0
    capacity_integration_test.go:93: PIPELINE phase=RUNNING reached=21600/100000 deferred=0 deferred<=30s=0 maxRetry=0
    capacity_integration_test.go:93: PIPELINE phase=RUNNING reached=22100/100000 deferred=0 deferred<=30s=0 maxRetry=0
    capacity_integration_test.go:93: PIPELINE phase=RUNNING reached=22600/100000 deferred=0 deferred<=30s=0 maxRetry=0
    capacity_integration_test.go:93: PIPELINE phase=RUNNING reached=23100/100000 deferred=0 deferred<=30s=0 maxRetry=0
    capacity_integration_test.go:93: PIPELINE phase=RUNNING reached=23600/100000 deferred=0 deferred<=30s=0 maxRetry=0
    capacity_integration_test.go:93: PIPELINE phase=RUNNING reached=24100/100000 deferred=0 deferred<=30s=0 maxRetry=0
    capacity_integration_test.go:93: PIPELINE phase=RUNNING reached=24600/100000 deferred=0 deferred<=30s=0 maxRetry=0
    capacity_integration_test.go:93: PIPELINE phase=RUNNING reached=25100/100000 deferred=0 deferred<=30s=0 maxRetry=0
    capacity_integration_test.go:93: PIPELINE phase=RUNNING reached=25600/100000 deferred=0 deferred<=30s=0 maxRetry=0
    capacity_integration_test.go:93: PIPELINE phase=RUNNING reached=26100/100000 deferred=0 deferred<=30s=0 maxRetry=0
    capacity_integration_test.go:93: PIPELINE phase=RUNNING reached=26600/100000 deferred=0 deferred<=30s=0 maxRetry=0
    capacity_integration_test.go:93: PIPELINE phase=RUNNING reached=27100/100000 deferred=0 deferred<=30s=0 maxRetry=0
    capacity_integration_test.go:93: PIPELINE phase=RUNNING reached=27650/100000 deferred=0 deferred<=30s=0 maxRetry=0
    capacity_integration_test.go:93: PIPELINE phase=RUNNING reached=28200/100000 deferred=0 deferred<=30s=0 maxRetry=0
    capacity_integration_test.go:93: PIPELINE phase=RUNNING reached=28750/100000 deferred=0 deferred<=30s=0 maxRetry=0
    capacity_integration_test.go:93: PIPELINE phase=RUNNING reached=29300/100000 deferred=0 deferred<=30s=0 maxRetry=0
    capacity_integration_test.go:93: PIPELINE phase=RUNNING reached=29850/100000 deferred=0 deferred<=30s=0 maxRetry=0
    capacity_integration_test.go:93: PIPELINE phase=RUNNING reached=30400/100000 deferred=0 deferred<=30s=0 maxRetry=0
    capacity_integration_test.go:93: PIPELINE phase=RUNNING reached=30900/100000 deferred=0 deferred<=30s=0 maxRetry=0
    capacity_integration_test.go:93: PIPELINE phase=RUNNING reached=31450/100000 deferred=0 deferred<=30s=0 maxRetry=0
    capacity_integration_test.go:93: PIPELINE phase=RUNNING reached=31900/100000 deferred=0 deferred<=30s=0 maxRetry=0
    capacity_integration_test.go:93: PIPELINE phase=RUNNING reached=32400/100000 deferred=0 deferred<=30s=0 maxRetry=0
    capacity_integration_test.go:93: PIPELINE phase=RUNNING reached=32850/100000 deferred=0 deferred<=30s=0 maxRetry=0
    capacity_integration_test.go:93: PIPELINE phase=RUNNING reached=33300/100000 deferred=0 deferred<=30s=0 maxRetry=0
    capacity_integration_test.go:93: PIPELINE phase=RUNNING reached=33750/100000 deferred=0 deferred<=30s=0 maxRetry=0
    capacity_integration_test.go:93: PIPELINE phase=RUNNING reached=34200/100000 deferred=0 deferred<=30s=0 maxRetry=0
    capacity_integration_test.go:93: PIPELINE phase=RUNNING reached=34650/100000 deferred=0 deferred<=30s=0 maxRetry=0
    capacity_integration_test.go:93: PIPELINE phase=RUNNING reached=35100/100000 deferred=0 deferred<=30s=0 maxRetry=0
    capacity_integration_test.go:93: PIPELINE phase=RUNNING reached=35550/100000 deferred=0 deferred<=30s=0 maxRetry=0
    capacity_integration_test.go:93: PIPELINE phase=RUNNING reached=36000/100000 deferred=0 deferred<=30s=0 maxRetry=0
    capacity_integration_test.go:93: PIPELINE phase=RUNNING reached=36450/100000 deferred=0 deferred<=30s=0 maxRetry=0
    capacity_integration_test.go:93: PIPELINE phase=RUNNING reached=36850/100000 deferred=0 deferred<=30s=0 maxRetry=0
    capacity_integration_test.go:93: PIPELINE phase=RUNNING reached=37350/100000 deferred=0 deferred<=30s=0 maxRetry=0
    capacity_integration_test.go:93: PIPELINE phase=RUNNING reached=37850/100000 deferred=0 deferred<=30s=0 maxRetry=0
    capacity_integration_test.go:93: PIPELINE phase=RUNNING reached=38300/100000 deferred=0 deferred<=30s=0 maxRetry=0
    capacity_integration_test.go:93: PIPELINE phase=RUNNING reached=38800/100000 deferred=0 deferred<=30s=0 maxRetry=0
    capacity_integration_test.go:93: PIPELINE phase=RUNNING reached=39250/100000 deferred=0 deferred<=30s=0 maxRetry=0
    capacity_integration_test.go:93: PIPELINE phase=RUNNING reached=39650/100000 deferred=0 deferred<=30s=0 maxRetry=0
    capacity_integration_test.go:93: PIPELINE phase=RUNNING reached=40100/100000 deferred=0 deferred<=30s=0 maxRetry=0
    capacity_integration_test.go:93: PIPELINE phase=RUNNING reached=40550/100000 deferred=0 deferred<=30s=0 maxRetry=0
    capacity_integration_test.go:93: PIPELINE phase=RUNNING reached=41000/100000 deferred=0 deferred<=30s=0 maxRetry=0
    capacity_integration_test.go:93: PIPELINE phase=RUNNING reached=41450/100000 deferred=0 deferred<=30s=0 maxRetry=0
    capacity_integration_test.go:93: PIPELINE phase=RUNNING reached=41900/100000 deferred=0 deferred<=30s=0 maxRetry=0
    capacity_integration_test.go:93: PIPELINE phase=RUNNING reached=42350/100000 deferred=0 deferred<=30s=0 maxRetry=0
    capacity_integration_test.go:93: PIPELINE phase=RUNNING reached=42800/100000 deferred=0 deferred<=30s=0 maxRetry=0
    capacity_integration_test.go:93: PIPELINE phase=RUNNING reached=43250/100000 deferred=0 deferred<=30s=0 maxRetry=0
    capacity_integration_test.go:93: PIPELINE phase=RUNNING reached=43700/100000 deferred=0 deferred<=30s=0 maxRetry=0
    capacity_integration_test.go:93: PIPELINE phase=RUNNING reached=44150/100000 deferred=0 deferred<=30s=0 maxRetry=0
    capacity_integration_test.go:93: PIPELINE phase=RUNNING reached=44600/100000 deferred=0 deferred<=30s=0 maxRetry=0
    capacity_integration_test.go:93: PIPELINE phase=RUNNING reached=45050/100000 deferred=0 deferred<=30s=0 maxRetry=0
    capacity_integration_test.go:93: PIPELINE phase=RUNNING reached=45500/100000 deferred=0 deferred<=30s=0 maxRetry=0
    capacity_integration_test.go:93: PIPELINE phase=RUNNING reached=45950/100000 deferred=0 deferred<=30s=0 maxRetry=0
    capacity_integration_test.go:93: PIPELINE phase=RUNNING reached=46400/100000 deferred=0 deferred<=30s=0 maxRetry=0
    capacity_integration_test.go:93: PIPELINE phase=RUNNING reached=46850/100000 deferred=0 deferred<=30s=0 maxRetry=0
    capacity_integration_test.go:93: PIPELINE phase=RUNNING reached=47350/100000 deferred=0 deferred<=30s=0 maxRetry=0
    capacity_integration_test.go:93: PIPELINE phase=RUNNING reached=47800/100000 deferred=0 deferred<=30s=0 maxRetry=0
    capacity_integration_test.go:93: PIPELINE phase=RUNNING reached=48250/100000 deferred=0 deferred<=30s=0 maxRetry=0
    capacity_integration_test.go:93: PIPELINE phase=RUNNING reached=48750/100000 deferred=0 deferred<=30s=0 maxRetry=0
    capacity_integration_test.go:93: PIPELINE phase=RUNNING reached=49250/100000 deferred=0 deferred<=30s=0 maxRetry=0
    capacity_integration_test.go:93: PIPELINE phase=RUNNING reached=49750/100000 deferred=0 deferred<=30s=0 maxRetry=0
    capacity_integration_test.go:93: PIPELINE phase=RUNNING reached=50150/100000 deferred=0 deferred<=30s=0 maxRetry=0
    capacity_integration_test.go:93: PIPELINE phase=RUNNING reached=50650/100000 deferred=0 deferred<=30s=0 maxRetry=0
    capacity_integration_test.go:93: PIPELINE phase=RUNNING reached=51150/100000 deferred=0 deferred<=30s=0 maxRetry=0
    capacity_integration_test.go:93: PIPELINE phase=RUNNING reached=51650/100000 deferred=0 deferred<=30s=0 maxRetry=0
    capacity_integration_test.go:93: PIPELINE phase=RUNNING reached=52100/100000 deferred=0 deferred<=30s=0 maxRetry=0
    capacity_integration_test.go:93: PIPELINE phase=RUNNING reached=52600/100000 deferred=0 deferred<=30s=0 maxRetry=0
    capacity_integration_test.go:93: PIPELINE phase=RUNNING reached=53050/100000 deferred=0 deferred<=30s=0 maxRetry=0
    capacity_integration_test.go:93: PIPELINE phase=RUNNING reached=53550/100000 deferred=0 deferred<=30s=0 maxRetry=0
    capacity_integration_test.go:93: PIPELINE phase=RUNNING reached=54000/100000 deferred=0 deferred<=30s=0 maxRetry=0
    capacity_integration_test.go:93: PIPELINE phase=RUNNING reached=54500/100000 deferred=0 deferred<=30s=0 maxRetry=0
    capacity_integration_test.go:93: PIPELINE phase=RUNNING reached=54950/100000 deferred=0 deferred<=30s=0 maxRetry=0
    capacity_integration_test.go:93: PIPELINE phase=RUNNING reached=55400/100000 deferred=0 deferred<=30s=0 maxRetry=0
    capacity_integration_test.go:93: PIPELINE phase=RUNNING reached=55850/100000 deferred=0 deferred<=30s=0 maxRetry=0
    capacity_integration_test.go:93: PIPELINE phase=RUNNING reached=56300/100000 deferred=0 deferred<=30s=0 maxRetry=0
    capacity_integration_test.go:93: PIPELINE phase=RUNNING reached=56800/100000 deferred=0 deferred<=30s=0 maxRetry=0
    capacity_integration_test.go:93: PIPELINE phase=RUNNING reached=57250/100000 deferred=0 deferred<=30s=0 maxRetry=0
    capacity_integration_test.go:93: PIPELINE phase=RUNNING reached=57750/100000 deferred=0 deferred<=30s=0 maxRetry=0
    capacity_integration_test.go:93: PIPELINE phase=RUNNING reached=58200/100000 deferred=0 deferred<=30s=0 maxRetry=0
    capacity_integration_test.go:93: PIPELINE phase=RUNNING reached=58650/100000 deferred=0 deferred<=30s=0 maxRetry=0
    capacity_integration_test.go:93: PIPELINE phase=RUNNING reached=59150/100000 deferred=0 deferred<=30s=0 maxRetry=0
    capacity_integration_test.go:93: PIPELINE phase=RUNNING reached=59600/100000 deferred=0 deferred<=30s=0 maxRetry=0
    capacity_integration_test.go:93: PIPELINE phase=RUNNING reached=60050/100000 deferred=0 deferred<=30s=0 maxRetry=0
    capacity_integration_test.go:93: PIPELINE phase=RUNNING reached=60500/100000 deferred=0 deferred<=30s=0 maxRetry=0
    capacity_integration_test.go:93: PIPELINE phase=RUNNING reached=61000/100000 deferred=0 deferred<=30s=0 maxRetry=0
    capacity_integration_test.go:93: PIPELINE phase=RUNNING reached=61500/100000 deferred=0 deferred<=30s=0 maxRetry=0
    capacity_integration_test.go:93: PIPELINE phase=RUNNING reached=62000/100000 deferred=0 deferred<=30s=0 maxRetry=0
    capacity_integration_test.go:93: PIPELINE phase=RUNNING reached=62500/100000 deferred=0 deferred<=30s=0 maxRetry=0
    capacity_integration_test.go:93: PIPELINE phase=RUNNING reached=62950/100000 deferred=0 deferred<=30s=0 maxRetry=0
    capacity_integration_test.go:93: PIPELINE phase=RUNNING reached=63400/100000 deferred=0 deferred<=30s=0 maxRetry=0
    capacity_integration_test.go:93: PIPELINE phase=RUNNING reached=63800/100000 deferred=0 deferred<=30s=0 maxRetry=0
    capacity_integration_test.go:93: PIPELINE phase=RUNNING reached=64250/100000 deferred=0 deferred<=30s=0 maxRetry=0
    capacity_integration_test.go:93: PIPELINE phase=RUNNING reached=64750/100000 deferred=0 deferred<=30s=0 maxRetry=0
    capacity_integration_test.go:93: PIPELINE phase=RUNNING reached=65250/100000 deferred=0 deferred<=30s=0 maxRetry=0
    capacity_integration_test.go:93: PIPELINE phase=RUNNING reached=65750/100000 deferred=0 deferred<=30s=0 maxRetry=0
    capacity_integration_test.go:93: PIPELINE phase=RUNNING reached=66250/100000 deferred=0 deferred<=30s=0 maxRetry=0
    capacity_integration_test.go:93: PIPELINE phase=RUNNING reached=66750/100000 deferred=0 deferred<=30s=0 maxRetry=0
    capacity_integration_test.go:93: PIPELINE phase=RUNNING reached=67250/100000 deferred=0 deferred<=30s=0 maxRetry=0
    capacity_integration_test.go:93: PIPELINE phase=RUNNING reached=67750/100000 deferred=0 deferred<=30s=0 maxRetry=0
    capacity_integration_test.go:93: PIPELINE phase=RUNNING reached=68200/100000 deferred=0 deferred<=30s=0 maxRetry=0
    capacity_integration_test.go:93: PIPELINE phase=RUNNING reached=68700/100000 deferred=0 deferred<=30s=0 maxRetry=0
    capacity_integration_test.go:93: PIPELINE phase=RUNNING reached=69200/100000 deferred=0 deferred<=30s=0 maxRetry=0
    capacity_integration_test.go:93: PIPELINE phase=RUNNING reached=69700/100000 deferred=0 deferred<=30s=0 maxRetry=0
    capacity_integration_test.go:93: PIPELINE phase=RUNNING reached=70200/100000 deferred=0 deferred<=30s=0 maxRetry=0
    capacity_integration_test.go:93: PIPELINE phase=RUNNING reached=70700/100000 deferred=0 deferred<=30s=0 maxRetry=0
    capacity_integration_test.go:93: PIPELINE phase=RUNNING reached=71200/100000 deferred=0 deferred<=30s=0 maxRetry=0
    capacity_integration_test.go:93: PIPELINE phase=RUNNING reached=71700/100000 deferred=0 deferred<=30s=0 maxRetry=0
    capacity_integration_test.go:93: PIPELINE phase=RUNNING reached=72200/100000 deferred=0 deferred<=30s=0 maxRetry=0
    capacity_integration_test.go:93: PIPELINE phase=RUNNING reached=72700/100000 deferred=0 deferred<=30s=0 maxRetry=0
    capacity_integration_test.go:93: PIPELINE phase=RUNNING reached=73200/100000 deferred=0 deferred<=30s=0 maxRetry=0
    capacity_integration_test.go:93: PIPELINE phase=RUNNING reached=73700/100000 deferred=0 deferred<=30s=0 maxRetry=0
    capacity_integration_test.go:93: PIPELINE phase=RUNNING reached=74200/100000 deferred=0 deferred<=30s=0 maxRetry=0
    capacity_integration_test.go:93: PIPELINE phase=RUNNING reached=74700/100000 deferred=0 deferred<=30s=0 maxRetry=0
    capacity_integration_test.go:93: PIPELINE phase=RUNNING reached=75200/100000 deferred=0 deferred<=30s=0 maxRetry=0
    capacity_integration_test.go:93: PIPELINE phase=RUNNING reached=75700/100000 deferred=0 deferred<=30s=0 maxRetry=0
    capacity_integration_test.go:93: PIPELINE phase=RUNNING reached=76200/100000 deferred=0 deferred<=30s=0 maxRetry=0
    capacity_integration_test.go:93: PIPELINE phase=RUNNING reached=76700/100000 deferred=0 deferred<=30s=0 maxRetry=0
    capacity_integration_test.go:93: PIPELINE phase=RUNNING reached=77200/100000 deferred=0 deferred<=30s=0 maxRetry=0
    capacity_integration_test.go:93: PIPELINE phase=RUNNING reached=77700/100000 deferred=0 deferred<=30s=0 maxRetry=0
    capacity_integration_test.go:93: PIPELINE phase=RUNNING reached=78200/100000 deferred=0 deferred<=30s=0 maxRetry=0
    capacity_integration_test.go:93: PIPELINE phase=RUNNING reached=78700/100000 deferred=0 deferred<=30s=0 maxRetry=0
    capacity_integration_test.go:93: PIPELINE phase=RUNNING reached=79200/100000 deferred=0 deferred<=30s=0 maxRetry=0
    capacity_integration_test.go:93: PIPELINE phase=RUNNING reached=79700/100000 deferred=0 deferred<=30s=0 maxRetry=0
    capacity_integration_test.go:93: PIPELINE phase=RUNNING reached=80200/100000 deferred=0 deferred<=30s=0 maxRetry=0
    capacity_integration_test.go:93: PIPELINE phase=RUNNING reached=80700/100000 deferred=0 deferred<=30s=0 maxRetry=0
    capacity_integration_test.go:93: PIPELINE phase=RUNNING reached=81200/100000 deferred=0 deferred<=30s=0 maxRetry=0
    capacity_integration_test.go:93: PIPELINE phase=RUNNING reached=81700/100000 deferred=0 deferred<=30s=0 maxRetry=0
    capacity_integration_test.go:93: PIPELINE phase=RUNNING reached=82200/100000 deferred=0 deferred<=30s=0 maxRetry=0
    capacity_integration_test.go:93: PIPELINE phase=RUNNING reached=82700/100000 deferred=0 deferred<=30s=0 maxRetry=0
    capacity_integration_test.go:93: PIPELINE phase=RUNNING reached=83150/100000 deferred=0 deferred<=30s=0 maxRetry=0
    capacity_integration_test.go:93: PIPELINE phase=RUNNING reached=83650/100000 deferred=0 deferred<=30s=0 maxRetry=0
    capacity_integration_test.go:93: PIPELINE phase=RUNNING reached=84150/100000 deferred=0 deferred<=30s=0 maxRetry=0
    capacity_integration_test.go:93: PIPELINE phase=RUNNING reached=84600/100000 deferred=0 deferred<=30s=0 maxRetry=0
    capacity_integration_test.go:93: PIPELINE phase=RUNNING reached=85050/100000 deferred=0 deferred<=30s=0 maxRetry=0
    capacity_integration_test.go:93: PIPELINE phase=RUNNING reached=85500/100000 deferred=0 deferred<=30s=0 maxRetry=0
    capacity_integration_test.go:93: PIPELINE phase=RUNNING reached=86000/100000 deferred=0 deferred<=30s=0 maxRetry=0
    capacity_integration_test.go:93: PIPELINE phase=RUNNING reached=86450/100000 deferred=0 deferred<=30s=0 maxRetry=0
    capacity_integration_test.go:93: PIPELINE phase=RUNNING reached=86950/100000 deferred=0 deferred<=30s=0 maxRetry=0
    capacity_integration_test.go:93: PIPELINE phase=RUNNING reached=87400/100000 deferred=0 deferred<=30s=0 maxRetry=0
    capacity_integration_test.go:93: PIPELINE phase=RUNNING reached=87850/100000 deferred=0 deferred<=30s=0 maxRetry=0
    capacity_integration_test.go:93: PIPELINE phase=RUNNING reached=88350/100000 deferred=0 deferred<=30s=0 maxRetry=0
    capacity_integration_test.go:93: PIPELINE phase=RUNNING reached=88850/100000 deferred=0 deferred<=30s=0 maxRetry=0
    capacity_integration_test.go:93: PIPELINE phase=RUNNING reached=89350/100000 deferred=0 deferred<=30s=0 maxRetry=0
    capacity_integration_test.go:93: PIPELINE phase=RUNNING reached=89800/100000 deferred=0 deferred<=30s=0 maxRetry=0
    capacity_integration_test.go:93: PIPELINE phase=RUNNING reached=90250/100000 deferred=0 deferred<=30s=0 maxRetry=0
    capacity_integration_test.go:93: PIPELINE phase=RUNNING reached=90700/100000 deferred=0 deferred<=30s=0 maxRetry=0
    capacity_integration_test.go:93: PIPELINE phase=RUNNING reached=91150/100000 deferred=0 deferred<=30s=0 maxRetry=0
    capacity_integration_test.go:93: PIPELINE phase=RUNNING reached=91600/100000 deferred=0 deferred<=30s=0 maxRetry=0
    capacity_integration_test.go:93: PIPELINE phase=RUNNING reached=92100/100000 deferred=0 deferred<=30s=0 maxRetry=0
    capacity_integration_test.go:93: PIPELINE phase=RUNNING reached=92600/100000 deferred=0 deferred<=30s=0 maxRetry=0
    capacity_integration_test.go:93: PIPELINE phase=RUNNING reached=93100/100000 deferred=0 deferred<=30s=0 maxRetry=0
    capacity_integration_test.go:93: PIPELINE phase=RUNNING reached=93600/100000 deferred=0 deferred<=30s=0 maxRetry=0
    capacity_integration_test.go:93: PIPELINE phase=RUNNING reached=94100/100000 deferred=0 deferred<=30s=0 maxRetry=0
    capacity_integration_test.go:93: PIPELINE phase=RUNNING reached=94600/100000 deferred=0 deferred<=30s=0 maxRetry=0
    capacity_integration_test.go:93: PIPELINE phase=RUNNING reached=95150/100000 deferred=0 deferred<=30s=0 maxRetry=0
    capacity_integration_test.go:93: PIPELINE phase=RUNNING reached=95600/100000 deferred=0 deferred<=30s=0 maxRetry=0
    capacity_integration_test.go:93: PIPELINE phase=RUNNING reached=96000/100000 deferred=0 deferred<=30s=0 maxRetry=0
    capacity_integration_test.go:93: PIPELINE phase=RUNNING reached=96450/100000 deferred=0 deferred<=30s=0 maxRetry=0
    capacity_integration_test.go:93: PIPELINE phase=RUNNING reached=96900/100000 deferred=0 deferred<=30s=0 maxRetry=0
    capacity_integration_test.go:93: PIPELINE phase=RUNNING reached=97400/100000 deferred=0 deferred<=30s=0 maxRetry=0
    capacity_integration_test.go:93: PIPELINE phase=RUNNING reached=97900/100000 deferred=0 deferred<=30s=0 maxRetry=0
    capacity_integration_test.go:93: PIPELINE phase=RUNNING reached=98400/100000 deferred=0 deferred<=30s=0 maxRetry=0
    capacity_integration_test.go:93: PIPELINE phase=RUNNING reached=98900/100000 deferred=0 deferred<=30s=0 maxRetry=0
    capacity_integration_test.go:93: PIPELINE phase=RUNNING reached=99350/100000 deferred=0 deferred<=30s=0 maxRetry=0
    capacity_integration_test.go:93: PIPELINE phase=RUNNING reached=99850/100000 deferred=0 deferred<=30s=0 maxRetry=0
    capacity_integration_test.go:106: CAPACITY REPORT tasks=100000 wall=41m42.718s throughput=40 tasks/s
    capacity_integration_test.go:108: CAPACITY REPORT enqueue wall=3m47.113s throughput=440 tasks/s submit p50=220ms p95=285ms p99=335ms
    capacity_integration_test.go:111: CAPACITY REPORT admit wall=7m4.395s throughput=236 tasks/s queue->admit p50=5m36.937s p95=6m56.898s p99=7m3.049s
    capacity_integration_test.go:114: CAPACITY REPORT schedule wall=18m12.479s throughput=92 tasks/s admit->run p50=12m22.896s p95=17m34.541s p99=18m5.199s
    capacity_integration_test.go:117: CAPACITY REPORT complete wall=12m38.716s throughput=132 tasks/s run->done p50=15m41.769s p95=17m53.173s p99=18m6.69s
    capacity_integration_test.go:120: CAPACITY REPORT end-to-end p50=33m41.582s p95=37m30.557s p99=37m50.562s
--- PASS: TestControlPlanePipelineCapacityBaseline (2503.91s)
PASS
ok  	github.com/CloudEdgeCore/AgentOS/internal/kernel/store/postgres	2503.974s
