=== RUN   TestControlPlanePipelineCapacityBaseline
    capacity_integration_test.go:72: PIPELINE phase=ADMITTED reached=1000/100000 deferred=0 deferred<=30s=0 maxRetry=0
    capacity_integration_test.go:72: PIPELINE phase=ADMITTED reached=2050/100000 deferred=0 deferred<=30s=0 maxRetry=0
    capacity_integration_test.go:72: PIPELINE phase=ADMITTED reached=3050/100000 deferred=0 deferred<=30s=0 maxRetry=0
    capacity_integration_test.go:72: PIPELINE phase=ADMITTED reached=4100/100000 deferred=0 deferred<=30s=0 maxRetry=0
    capacity_integration_test.go:72: PIPELINE phase=ADMITTED reached=5200/100000 deferred=0 deferred<=30s=0 maxRetry=0
    capacity_integration_test.go:72: PIPELINE phase=ADMITTED reached=6250/100000 deferred=0 deferred<=30s=0 maxRetry=0
    capacity_integration_test.go:72: PIPELINE phase=ADMITTED reached=7350/100000 deferred=0 deferred<=30s=0 maxRetry=0
    capacity_integration_test.go:72: PIPELINE phase=ADMITTED reached=8400/100000 deferred=0 deferred<=30s=0 maxRetry=0
    capacity_integration_test.go:72: PIPELINE phase=ADMITTED reached=9500/100000 deferred=0 deferred<=30s=0 maxRetry=0
    capacity_integration_test.go:72: PIPELINE phase=ADMITTED reached=10550/100000 deferred=0 deferred<=30s=0 maxRetry=0
    capacity_integration_test.go:72: PIPELINE phase=ADMITTED reached=11600/100000 deferred=0 deferred<=30s=0 maxRetry=0
    capacity_integration_test.go:72: PIPELINE phase=ADMITTED reached=12600/100000 deferred=0 deferred<=30s=0 maxRetry=0
    capacity_integration_test.go:72: PIPELINE phase=ADMITTED reached=13650/100000 deferred=0 deferred<=30s=0 maxRetry=0
    capacity_integration_test.go:72: PIPELINE phase=ADMITTED reached=14750/100000 deferred=0 deferred<=30s=0 maxRetry=0
    capacity_integration_test.go:72: PIPELINE phase=ADMITTED reached=15850/100000 deferred=0 deferred<=30s=0 maxRetry=0
    capacity_integration_test.go:72: PIPELINE phase=ADMITTED reached=16950/100000 deferred=0 deferred<=30s=0 maxRetry=0
    capacity_integration_test.go:72: PIPELINE phase=ADMITTED reached=18050/100000 deferred=0 deferred<=30s=0 maxRetry=0
    capacity_integration_test.go:72: PIPELINE phase=ADMITTED reached=19150/100000 deferred=0 deferred<=30s=0 maxRetry=0
    capacity_integration_test.go:72: PIPELINE phase=ADMITTED reached=20250/100000 deferred=0 deferred<=30s=0 maxRetry=0
    capacity_integration_test.go:72: PIPELINE phase=ADMITTED reached=21350/100000 deferred=0 deferred<=30s=0 maxRetry=0
    capacity_integration_test.go:72: PIPELINE phase=ADMITTED reached=22450/100000 deferred=0 deferred<=30s=0 maxRetry=0
    capacity_integration_test.go:72: PIPELINE phase=ADMITTED reached=23550/100000 deferred=0 deferred<=30s=0 maxRetry=0
    capacity_integration_test.go:72: PIPELINE phase=ADMITTED reached=24650/100000 deferred=0 deferred<=30s=0 maxRetry=0
    capacity_integration_test.go:72: PIPELINE phase=ADMITTED reached=25750/100000 deferred=0 deferred<=30s=0 maxRetry=0
    capacity_integration_test.go:72: PIPELINE phase=ADMITTED reached=26850/100000 deferred=0 deferred<=30s=0 maxRetry=0
    capacity_integration_test.go:72: PIPELINE phase=ADMITTED reached=28000/100000 deferred=0 deferred<=30s=0 maxRetry=0
    capacity_integration_test.go:72: PIPELINE phase=ADMITTED reached=29150/100000 deferred=0 deferred<=30s=0 maxRetry=0
    capacity_integration_test.go:72: PIPELINE phase=ADMITTED reached=30300/100000 deferred=0 deferred<=30s=0 maxRetry=0
    capacity_integration_test.go:72: PIPELINE phase=ADMITTED reached=31450/100000 deferred=0 deferred<=30s=0 maxRetry=0
    capacity_integration_test.go:72: PIPELINE phase=ADMITTED reached=32600/100000 deferred=0 deferred<=30s=0 maxRetry=0
    capacity_integration_test.go:72: PIPELINE phase=ADMITTED reached=33750/100000 deferred=0 deferred<=30s=0 maxRetry=0
    capacity_integration_test.go:72: PIPELINE phase=ADMITTED reached=34900/100000 deferred=0 deferred<=30s=0 maxRetry=0
    capacity_integration_test.go:72: PIPELINE phase=ADMITTED reached=36050/100000 deferred=0 deferred<=30s=0 maxRetry=0
    capacity_integration_test.go:72: PIPELINE phase=ADMITTED reached=37250/100000 deferred=0 deferred<=30s=0 maxRetry=0
    capacity_integration_test.go:72: PIPELINE phase=ADMITTED reached=38400/100000 deferred=0 deferred<=30s=0 maxRetry=0
    capacity_integration_test.go:72: PIPELINE phase=ADMITTED reached=39600/100000 deferred=0 deferred<=30s=0 maxRetry=0
    capacity_integration_test.go:72: PIPELINE phase=ADMITTED reached=40750/100000 deferred=0 deferred<=30s=0 maxRetry=0
    capacity_integration_test.go:72: PIPELINE phase=ADMITTED reached=41950/100000 deferred=0 deferred<=30s=0 maxRetry=0
    capacity_integration_test.go:72: PIPELINE phase=ADMITTED reached=43150/100000 deferred=0 deferred<=30s=0 maxRetry=0
    capacity_integration_test.go:72: PIPELINE phase=ADMITTED reached=44350/100000 deferred=0 deferred<=30s=0 maxRetry=0
    capacity_integration_test.go:72: PIPELINE phase=ADMITTED reached=45550/100000 deferred=0 deferred<=30s=0 maxRetry=0
    capacity_integration_test.go:72: PIPELINE phase=ADMITTED reached=46750/100000 deferred=0 deferred<=30s=0 maxRetry=0
    capacity_integration_test.go:72: PIPELINE phase=ADMITTED reached=47950/100000 deferred=0 deferred<=30s=0 maxRetry=0
    capacity_integration_test.go:72: PIPELINE phase=ADMITTED reached=49150/100000 deferred=0 deferred<=30s=0 maxRetry=0
    capacity_integration_test.go:72: PIPELINE phase=ADMITTED reached=50350/100000 deferred=0 deferred<=30s=0 maxRetry=0
    capacity_integration_test.go:72: PIPELINE phase=ADMITTED reached=51550/100000 deferred=0 deferred<=30s=0 maxRetry=0
    capacity_integration_test.go:72: PIPELINE phase=ADMITTED reached=52750/100000 deferred=0 deferred<=30s=0 maxRetry=0
    capacity_integration_test.go:72: PIPELINE phase=ADMITTED reached=53950/100000 deferred=0 deferred<=30s=0 maxRetry=0
    capacity_integration_test.go:72: PIPELINE phase=ADMITTED reached=55200/100000 deferred=0 deferred<=30s=0 maxRetry=0
    capacity_integration_test.go:72: PIPELINE phase=ADMITTED reached=56450/100000 deferred=0 deferred<=30s=0 maxRetry=0
    capacity_integration_test.go:72: PIPELINE phase=ADMITTED reached=57700/100000 deferred=0 deferred<=30s=0 maxRetry=0
    capacity_integration_test.go:72: PIPELINE phase=ADMITTED reached=58950/100000 deferred=0 deferred<=30s=0 maxRetry=0
    capacity_integration_test.go:72: PIPELINE phase=ADMITTED reached=60200/100000 deferred=0 deferred<=30s=0 maxRetry=0
    capacity_integration_test.go:72: PIPELINE phase=ADMITTED reached=61450/100000 deferred=0 deferred<=30s=0 maxRetry=0
    capacity_integration_test.go:72: PIPELINE phase=ADMITTED reached=62650/100000 deferred=0 deferred<=30s=0 maxRetry=0
    capacity_integration_test.go:72: PIPELINE phase=ADMITTED reached=63900/100000 deferred=0 deferred<=30s=0 maxRetry=0
    capacity_integration_test.go:72: PIPELINE phase=ADMITTED reached=65050/100000 deferred=0 deferred<=30s=0 maxRetry=0
    capacity_integration_test.go:72: PIPELINE phase=ADMITTED reached=66250/100000 deferred=0 deferred<=30s=0 maxRetry=0
    capacity_integration_test.go:72: PIPELINE phase=ADMITTED reached=67500/100000 deferred=0 deferred<=30s=0 maxRetry=0
    capacity_integration_test.go:72: PIPELINE phase=ADMITTED reached=68750/100000 deferred=0 deferred<=30s=0 maxRetry=0
    capacity_integration_test.go:72: PIPELINE phase=ADMITTED reached=70000/100000 deferred=0 deferred<=30s=0 maxRetry=0
    capacity_integration_test.go:72: PIPELINE phase=ADMITTED reached=71250/100000 deferred=0 deferred<=30s=0 maxRetry=0
    capacity_integration_test.go:72: PIPELINE phase=ADMITTED reached=72500/100000 deferred=0 deferred<=30s=0 maxRetry=0
    capacity_integration_test.go:72: PIPELINE phase=ADMITTED reached=73800/100000 deferred=0 deferred<=30s=0 maxRetry=0
    capacity_integration_test.go:72: PIPELINE phase=ADMITTED reached=75100/100000 deferred=0 deferred<=30s=0 maxRetry=0
    capacity_integration_test.go:72: PIPELINE phase=ADMITTED reached=76400/100000 deferred=0 deferred<=30s=0 maxRetry=0
    capacity_integration_test.go:72: PIPELINE phase=ADMITTED reached=77700/100000 deferred=0 deferred<=30s=0 maxRetry=0
    capacity_integration_test.go:72: PIPELINE phase=ADMITTED reached=79000/100000 deferred=0 deferred<=30s=0 maxRetry=0
    capacity_integration_test.go:72: PIPELINE phase=ADMITTED reached=80300/100000 deferred=0 deferred<=30s=0 maxRetry=0
    capacity_integration_test.go:72: PIPELINE phase=ADMITTED reached=81600/100000 deferred=0 deferred<=30s=0 maxRetry=0
    capacity_integration_test.go:72: PIPELINE phase=ADMITTED reached=82900/100000 deferred=0 deferred<=30s=0 maxRetry=0
    capacity_integration_test.go:72: PIPELINE phase=ADMITTED reached=84200/100000 deferred=0 deferred<=30s=0 maxRetry=0
    capacity_integration_test.go:72: PIPELINE phase=ADMITTED reached=85550/100000 deferred=0 deferred<=30s=0 maxRetry=0
    capacity_integration_test.go:72: PIPELINE phase=ADMITTED reached=86900/100000 deferred=0 deferred<=30s=0 maxRetry=0
    capacity_integration_test.go:72: PIPELINE phase=ADMITTED reached=88250/100000 deferred=0 deferred<=30s=0 maxRetry=0
    capacity_integration_test.go:72: PIPELINE phase=ADMITTED reached=89600/100000 deferred=0 deferred<=30s=0 maxRetry=0
    capacity_integration_test.go:72: PIPELINE phase=ADMITTED reached=90950/100000 deferred=0 deferred<=30s=0 maxRetry=0
    capacity_integration_test.go:72: PIPELINE phase=ADMITTED reached=92250/100000 deferred=0 deferred<=30s=0 maxRetry=0
    capacity_integration_test.go:72: PIPELINE phase=ADMITTED reached=93600/100000 deferred=0 deferred<=30s=0 maxRetry=0
    capacity_integration_test.go:72: PIPELINE phase=ADMITTED reached=94900/100000 deferred=0 deferred<=30s=0 maxRetry=0
    capacity_integration_test.go:72: PIPELINE phase=ADMITTED reached=96250/100000 deferred=0 deferred<=30s=0 maxRetry=0
    capacity_integration_test.go:72: PIPELINE phase=ADMITTED reached=97500/100000 deferred=0 deferred<=30s=0 maxRetry=0
    capacity_integration_test.go:72: PIPELINE phase=ADMITTED reached=98800/100000 deferred=0 deferred<=30s=0 maxRetry=0
    capacity_integration_test.go:93: PIPELINE phase=RUNNING reached=500/100000 deferred=0 deferred<=30s=0 maxRetry=0
    capacity_integration_test.go:93: PIPELINE phase=RUNNING reached=950/100000 deferred=0 deferred<=30s=0 maxRetry=0
    capacity_integration_test.go:93: PIPELINE phase=RUNNING reached=1450/100000 deferred=0 deferred<=30s=0 maxRetry=0
    capacity_integration_test.go:93: PIPELINE phase=RUNNING reached=1900/100000 deferred=0 deferred<=30s=0 maxRetry=0
    capacity_integration_test.go:93: PIPELINE phase=RUNNING reached=2350/100000 deferred=0 deferred<=30s=0 maxRetry=0
    capacity_integration_test.go:93: PIPELINE phase=RUNNING reached=2800/100000 deferred=0 deferred<=30s=0 maxRetry=0
    capacity_integration_test.go:93: PIPELINE phase=RUNNING reached=3250/100000 deferred=0 deferred<=30s=0 maxRetry=0
    capacity_integration_test.go:93: PIPELINE phase=RUNNING reached=3700/100000 deferred=0 deferred<=30s=0 maxRetry=0
    capacity_integration_test.go:93: PIPELINE phase=RUNNING reached=4100/100000 deferred=0 deferred<=30s=0 maxRetry=0
    capacity_integration_test.go:93: PIPELINE phase=RUNNING reached=4550/100000 deferred=0 deferred<=30s=0 maxRetry=0
    capacity_integration_test.go:93: PIPELINE phase=RUNNING reached=5000/100000 deferred=0 deferred<=30s=0 maxRetry=0
    capacity_integration_test.go:93: PIPELINE phase=RUNNING reached=5450/100000 deferred=0 deferred<=30s=0 maxRetry=0
    capacity_integration_test.go:93: PIPELINE phase=RUNNING reached=5950/100000 deferred=0 deferred<=30s=0 maxRetry=0
    capacity_integration_test.go:93: PIPELINE phase=RUNNING reached=6400/100000 deferred=0 deferred<=30s=0 maxRetry=0
    capacity_integration_test.go:93: PIPELINE phase=RUNNING reached=6850/100000 deferred=0 deferred<=30s=0 maxRetry=0
    capacity_integration_test.go:93: PIPELINE phase=RUNNING reached=7300/100000 deferred=0 deferred<=30s=0 maxRetry=0
    capacity_integration_test.go:93: PIPELINE phase=RUNNING reached=7800/100000 deferred=0 deferred<=30s=0 maxRetry=0
    capacity_integration_test.go:93: PIPELINE phase=RUNNING reached=8300/100000 deferred=0 deferred<=30s=0 maxRetry=0
    capacity_integration_test.go:93: PIPELINE phase=RUNNING reached=8800/100000 deferred=0 deferred<=30s=0 maxRetry=0
    capacity_integration_test.go:93: PIPELINE phase=RUNNING reached=9250/100000 deferred=0 deferred<=30s=0 maxRetry=0
    capacity_integration_test.go:93: PIPELINE phase=RUNNING reached=9750/100000 deferred=0 deferred<=30s=0 maxRetry=0
    capacity_integration_test.go:93: PIPELINE phase=RUNNING reached=10200/100000 deferred=0 deferred<=30s=0 maxRetry=0
    capacity_integration_test.go:93: PIPELINE phase=RUNNING reached=10650/100000 deferred=0 deferred<=30s=0 maxRetry=0
    capacity_integration_test.go:93: PIPELINE phase=RUNNING reached=11100/100000 deferred=0 deferred<=30s=0 maxRetry=0
    capacity_integration_test.go:93: PIPELINE phase=RUNNING reached=11600/100000 deferred=0 deferred<=30s=0 maxRetry=0
    capacity_integration_test.go:93: PIPELINE phase=RUNNING reached=12050/100000 deferred=0 deferred<=30s=0 maxRetry=0
    capacity_integration_test.go:93: PIPELINE phase=RUNNING reached=12500/100000 deferred=0 deferred<=30s=0 maxRetry=0
    capacity_integration_test.go:93: PIPELINE phase=RUNNING reached=12950/100000 deferred=0 deferred<=30s=0 maxRetry=0
    capacity_integration_test.go:93: PIPELINE phase=RUNNING reached=13400/100000 deferred=0 deferred<=30s=0 maxRetry=0
    capacity_integration_test.go:93: PIPELINE phase=RUNNING reached=13850/100000 deferred=0 deferred<=30s=0 maxRetry=0
    capacity_integration_test.go:93: PIPELINE phase=RUNNING reached=14300/100000 deferred=0 deferred<=30s=0 maxRetry=0
    capacity_integration_test.go:93: PIPELINE phase=RUNNING reached=14750/100000 deferred=0 deferred<=30s=0 maxRetry=0
    capacity_integration_test.go:93: PIPELINE phase=RUNNING reached=15250/100000 deferred=0 deferred<=30s=0 maxRetry=0
    capacity_integration_test.go:93: PIPELINE phase=RUNNING reached=15750/100000 deferred=0 deferred<=30s=0 maxRetry=0
    capacity_integration_test.go:93: PIPELINE phase=RUNNING reached=16200/100000 deferred=0 deferred<=30s=0 maxRetry=0
    capacity_integration_test.go:93: PIPELINE phase=RUNNING reached=16650/100000 deferred=0 deferred<=30s=0 maxRetry=0
    capacity_integration_test.go:93: PIPELINE phase=RUNNING reached=17150/100000 deferred=0 deferred<=30s=0 maxRetry=0
    capacity_integration_test.go:93: PIPELINE phase=RUNNING reached=17600/100000 deferred=0 deferred<=30s=0 maxRetry=0
    capacity_integration_test.go:93: PIPELINE phase=RUNNING reached=18100/100000 deferred=0 deferred<=30s=0 maxRetry=0
    capacity_integration_test.go:93: PIPELINE phase=RUNNING reached=18550/100000 deferred=0 deferred<=30s=0 maxRetry=0
    capacity_integration_test.go:93: PIPELINE phase=RUNNING reached=19050/100000 deferred=0 deferred<=30s=0 maxRetry=0
    capacity_integration_test.go:93: PIPELINE phase=RUNNING reached=19550/100000 deferred=0 deferred<=30s=0 maxRetry=0
    capacity_integration_test.go:93: PIPELINE phase=RUNNING reached=20050/100000 deferred=0 deferred<=30s=0 maxRetry=0
    capacity_integration_test.go:93: PIPELINE phase=RUNNING reached=20550/100000 deferred=0 deferred<=30s=0 maxRetry=0
    capacity_integration_test.go:93: PIPELINE phase=RUNNING reached=21000/100000 deferred=0 deferred<=30s=0 maxRetry=0
    capacity_integration_test.go:93: PIPELINE phase=RUNNING reached=21450/100000 deferred=0 deferred<=30s=0 maxRetry=0
    capacity_integration_test.go:93: PIPELINE phase=RUNNING reached=21900/100000 deferred=0 deferred<=30s=0 maxRetry=0
    capacity_integration_test.go:93: PIPELINE phase=RUNNING reached=22400/100000 deferred=0 deferred<=30s=0 maxRetry=0
    capacity_integration_test.go:93: PIPELINE phase=RUNNING reached=22850/100000 deferred=0 deferred<=30s=0 maxRetry=0
    capacity_integration_test.go:93: PIPELINE phase=RUNNING reached=23350/100000 deferred=0 deferred<=30s=0 maxRetry=0
    capacity_integration_test.go:93: PIPELINE phase=RUNNING reached=23850/100000 deferred=0 deferred<=30s=0 maxRetry=0
    capacity_integration_test.go:93: PIPELINE phase=RUNNING reached=24350/100000 deferred=0 deferred<=30s=0 maxRetry=0
    capacity_integration_test.go:93: PIPELINE phase=RUNNING reached=24850/100000 deferred=0 deferred<=30s=0 maxRetry=0
    capacity_integration_test.go:93: PIPELINE phase=RUNNING reached=25300/100000 deferred=0 deferred<=30s=0 maxRetry=0
    capacity_integration_test.go:93: PIPELINE phase=RUNNING reached=25800/100000 deferred=0 deferred<=30s=0 maxRetry=0
    capacity_integration_test.go:93: PIPELINE phase=RUNNING reached=26300/100000 deferred=0 deferred<=30s=0 maxRetry=0
    capacity_integration_test.go:93: PIPELINE phase=RUNNING reached=26750/100000 deferred=0 deferred<=30s=0 maxRetry=0
    capacity_integration_test.go:93: PIPELINE phase=RUNNING reached=27200/100000 deferred=0 deferred<=30s=0 maxRetry=0
    capacity_integration_test.go:93: PIPELINE phase=RUNNING reached=27650/100000 deferred=0 deferred<=30s=0 maxRetry=0
    capacity_integration_test.go:93: PIPELINE phase=RUNNING reached=28100/100000 deferred=0 deferred<=30s=0 maxRetry=0
    capacity_integration_test.go:93: PIPELINE phase=RUNNING reached=28550/100000 deferred=0 deferred<=30s=0 maxRetry=0
    capacity_integration_test.go:93: PIPELINE phase=RUNNING reached=29050/100000 deferred=0 deferred<=30s=0 maxRetry=0
    capacity_integration_test.go:93: PIPELINE phase=RUNNING reached=29550/100000 deferred=0 deferred<=30s=0 maxRetry=0
    capacity_integration_test.go:93: PIPELINE phase=RUNNING reached=29950/100000 deferred=0 deferred<=30s=0 maxRetry=0
    capacity_integration_test.go:93: PIPELINE phase=RUNNING reached=30400/100000 deferred=0 deferred<=30s=0 maxRetry=0
    capacity_integration_test.go:93: PIPELINE phase=RUNNING reached=30850/100000 deferred=0 deferred<=30s=0 maxRetry=0
    capacity_integration_test.go:93: PIPELINE phase=RUNNING reached=31300/100000 deferred=0 deferred<=30s=0 maxRetry=0
    capacity_integration_test.go:93: PIPELINE phase=RUNNING reached=31800/100000 deferred=0 deferred<=30s=0 maxRetry=0
    capacity_integration_test.go:93: PIPELINE phase=RUNNING reached=32250/100000 deferred=0 deferred<=30s=0 maxRetry=0
    capacity_integration_test.go:93: PIPELINE phase=RUNNING reached=32650/100000 deferred=0 deferred<=30s=0 maxRetry=0
    capacity_integration_test.go:93: PIPELINE phase=RUNNING reached=33150/100000 deferred=0 deferred<=30s=0 maxRetry=0
    capacity_integration_test.go:93: PIPELINE phase=RUNNING reached=33550/100000 deferred=0 deferred<=30s=0 maxRetry=0
    capacity_integration_test.go:93: PIPELINE phase=RUNNING reached=34000/100000 deferred=0 deferred<=30s=0 maxRetry=0
    capacity_integration_test.go:93: PIPELINE phase=RUNNING reached=34400/100000 deferred=0 deferred<=30s=0 maxRetry=0
    capacity_integration_test.go:93: PIPELINE phase=RUNNING reached=34850/100000 deferred=0 deferred<=30s=0 maxRetry=0
    capacity_integration_test.go:93: PIPELINE phase=RUNNING reached=35250/100000 deferred=0 deferred<=30s=0 maxRetry=0
    capacity_integration_test.go:93: PIPELINE phase=RUNNING reached=35700/100000 deferred=0 deferred<=30s=0 maxRetry=0
    capacity_integration_test.go:93: PIPELINE phase=RUNNING reached=36150/100000 deferred=0 deferred<=30s=0 maxRetry=0
    capacity_integration_test.go:93: PIPELINE phase=RUNNING reached=36650/100000 deferred=0 deferred<=30s=0 maxRetry=0
    capacity_integration_test.go:93: PIPELINE phase=RUNNING reached=37100/100000 deferred=0 deferred<=30s=0 maxRetry=0
    capacity_integration_test.go:93: PIPELINE phase=RUNNING reached=37600/100000 deferred=0 deferred<=30s=0 maxRetry=0
    capacity_integration_test.go:93: PIPELINE phase=RUNNING reached=38150/100000 deferred=0 deferred<=30s=0 maxRetry=0
    capacity_integration_test.go:93: PIPELINE phase=RUNNING reached=38650/100000 deferred=0 deferred<=30s=0 maxRetry=0
    capacity_integration_test.go:93: PIPELINE phase=RUNNING reached=39150/100000 deferred=0 deferred<=30s=0 maxRetry=0
    capacity_integration_test.go:93: PIPELINE phase=RUNNING reached=39700/100000 deferred=0 deferred<=30s=0 maxRetry=0
    capacity_integration_test.go:93: PIPELINE phase=RUNNING reached=40250/100000 deferred=0 deferred<=30s=0 maxRetry=0
    capacity_integration_test.go:93: PIPELINE phase=RUNNING reached=40650/100000 deferred=0 deferred<=30s=0 maxRetry=0
    capacity_integration_test.go:93: PIPELINE phase=RUNNING reached=41150/100000 deferred=0 deferred<=30s=0 maxRetry=0
    capacity_integration_test.go:93: PIPELINE phase=RUNNING reached=41700/100000 deferred=0 deferred<=30s=0 maxRetry=0
    capacity_integration_test.go:93: PIPELINE phase=RUNNING reached=42250/100000 deferred=0 deferred<=30s=0 maxRetry=0
    capacity_integration_test.go:93: PIPELINE phase=RUNNING reached=42750/100000 deferred=0 deferred<=30s=0 maxRetry=0
    capacity_integration_test.go:93: PIPELINE phase=RUNNING reached=43250/100000 deferred=0 deferred<=30s=0 maxRetry=0
    capacity_integration_test.go:93: PIPELINE phase=RUNNING reached=43800/100000 deferred=0 deferred<=30s=0 maxRetry=0
    capacity_integration_test.go:93: PIPELINE phase=RUNNING reached=44300/100000 deferred=0 deferred<=30s=0 maxRetry=0
    capacity_integration_test.go:93: PIPELINE phase=RUNNING reached=44800/100000 deferred=0 deferred<=30s=0 maxRetry=0
    capacity_integration_test.go:93: PIPELINE phase=RUNNING reached=45350/100000 deferred=0 deferred<=30s=0 maxRetry=0
    capacity_integration_test.go:93: PIPELINE phase=RUNNING reached=45800/100000 deferred=0 deferred<=30s=0 maxRetry=0
    capacity_integration_test.go:93: PIPELINE phase=RUNNING reached=46250/100000 deferred=0 deferred<=30s=0 maxRetry=0
    capacity_integration_test.go:93: PIPELINE phase=RUNNING reached=46700/100000 deferred=0 deferred<=30s=0 maxRetry=0
    capacity_integration_test.go:93: PIPELINE phase=RUNNING reached=47150/100000 deferred=0 deferred<=30s=0 maxRetry=0
    capacity_integration_test.go:93: PIPELINE phase=RUNNING reached=47600/100000 deferred=0 deferred<=30s=0 maxRetry=0
    capacity_integration_test.go:93: PIPELINE phase=RUNNING reached=48050/100000 deferred=0 deferred<=30s=0 maxRetry=0
    capacity_integration_test.go:93: PIPELINE phase=RUNNING reached=48500/100000 deferred=0 deferred<=30s=0 maxRetry=0
    capacity_integration_test.go:93: PIPELINE phase=RUNNING reached=48950/100000 deferred=0 deferred<=30s=0 maxRetry=0
    capacity_integration_test.go:93: PIPELINE phase=RUNNING reached=49350/100000 deferred=0 deferred<=30s=0 maxRetry=0
    capacity_integration_test.go:93: PIPELINE phase=RUNNING reached=49700/100000 deferred=0 deferred<=30s=0 maxRetry=0
    capacity_integration_test.go:93: PIPELINE phase=RUNNING reached=50150/100000 deferred=0 deferred<=30s=0 maxRetry=0
    capacity_integration_test.go:93: PIPELINE phase=RUNNING reached=50600/100000 deferred=0 deferred<=30s=0 maxRetry=0
    capacity_integration_test.go:93: PIPELINE phase=RUNNING reached=51050/100000 deferred=0 deferred<=30s=0 maxRetry=0
    capacity_integration_test.go:93: PIPELINE phase=RUNNING reached=51550/100000 deferred=0 deferred<=30s=0 maxRetry=0
    capacity_integration_test.go:93: PIPELINE phase=RUNNING reached=52000/100000 deferred=0 deferred<=30s=0 maxRetry=0
    capacity_integration_test.go:93: PIPELINE phase=RUNNING reached=52450/100000 deferred=0 deferred<=30s=0 maxRetry=0
    capacity_integration_test.go:93: PIPELINE phase=RUNNING reached=52850/100000 deferred=0 deferred<=30s=0 maxRetry=0
    capacity_integration_test.go:93: PIPELINE phase=RUNNING reached=53250/100000 deferred=0 deferred<=30s=0 maxRetry=0
    capacity_integration_test.go:93: PIPELINE phase=RUNNING reached=53700/100000 deferred=0 deferred<=30s=0 maxRetry=0
    capacity_integration_test.go:93: PIPELINE phase=RUNNING reached=54150/100000 deferred=0 deferred<=30s=0 maxRetry=0
    capacity_integration_test.go:93: PIPELINE phase=RUNNING reached=54550/100000 deferred=0 deferred<=30s=0 maxRetry=0
    capacity_integration_test.go:93: PIPELINE phase=RUNNING reached=54950/100000 deferred=0 deferred<=30s=0 maxRetry=0
    capacity_integration_test.go:93: PIPELINE phase=RUNNING reached=55350/100000 deferred=0 deferred<=30s=0 maxRetry=0
    capacity_integration_test.go:93: PIPELINE phase=RUNNING reached=55800/100000 deferred=0 deferred<=30s=0 maxRetry=0
    capacity_integration_test.go:93: PIPELINE phase=RUNNING reached=56200/100000 deferred=0 deferred<=30s=0 maxRetry=0
    capacity_integration_test.go:93: PIPELINE phase=RUNNING reached=56600/100000 deferred=0 deferred<=30s=0 maxRetry=0
    capacity_integration_test.go:93: PIPELINE phase=RUNNING reached=57050/100000 deferred=0 deferred<=30s=0 maxRetry=0
    capacity_integration_test.go:93: PIPELINE phase=RUNNING reached=57500/100000 deferred=0 deferred<=30s=0 maxRetry=0
    capacity_integration_test.go:93: PIPELINE phase=RUNNING reached=57950/100000 deferred=0 deferred<=30s=0 maxRetry=0
    capacity_integration_test.go:93: PIPELINE phase=RUNNING reached=58400/100000 deferred=0 deferred<=30s=0 maxRetry=0
    capacity_integration_test.go:93: PIPELINE phase=RUNNING reached=58850/100000 deferred=0 deferred<=30s=0 maxRetry=0
    capacity_integration_test.go:93: PIPELINE phase=RUNNING reached=59300/100000 deferred=0 deferred<=30s=0 maxRetry=0
    capacity_integration_test.go:93: PIPELINE phase=RUNNING reached=59700/100000 deferred=0 deferred<=30s=0 maxRetry=0
    capacity_integration_test.go:93: PIPELINE phase=RUNNING reached=60050/100000 deferred=0 deferred<=30s=0 maxRetry=0
    capacity_integration_test.go:93: PIPELINE phase=RUNNING reached=60400/100000 deferred=0 deferred<=30s=0 maxRetry=0
    capacity_integration_test.go:93: PIPELINE phase=RUNNING reached=60800/100000 deferred=0 deferred<=30s=0 maxRetry=0
    capacity_integration_test.go:93: PIPELINE phase=RUNNING reached=61200/100000 deferred=0 deferred<=30s=0 maxRetry=0
    capacity_integration_test.go:93: PIPELINE phase=RUNNING reached=61600/100000 deferred=0 deferred<=30s=0 maxRetry=0
    capacity_integration_test.go:93: PIPELINE phase=RUNNING reached=62100/100000 deferred=0 deferred<=30s=0 maxRetry=0
    capacity_integration_test.go:93: PIPELINE phase=RUNNING reached=62550/100000 deferred=0 deferred<=30s=0 maxRetry=0
    capacity_integration_test.go:93: PIPELINE phase=RUNNING reached=63000/100000 deferred=0 deferred<=30s=0 maxRetry=0
    capacity_integration_test.go:93: PIPELINE phase=RUNNING reached=63500/100000 deferred=0 deferred<=30s=0 maxRetry=0
    capacity_integration_test.go:93: PIPELINE phase=RUNNING reached=63950/100000 deferred=0 deferred<=30s=0 maxRetry=0
    capacity_integration_test.go:93: PIPELINE phase=RUNNING reached=64450/100000 deferred=0 deferred<=30s=0 maxRetry=0
    capacity_integration_test.go:93: PIPELINE phase=RUNNING reached=64950/100000 deferred=0 deferred<=30s=0 maxRetry=0
    capacity_integration_test.go:93: PIPELINE phase=RUNNING reached=65450/100000 deferred=0 deferred<=30s=0 maxRetry=0
    capacity_integration_test.go:93: PIPELINE phase=RUNNING reached=65950/100000 deferred=0 deferred<=30s=0 maxRetry=0
    capacity_integration_test.go:93: PIPELINE phase=RUNNING reached=66500/100000 deferred=0 deferred<=30s=0 maxRetry=0
    capacity_integration_test.go:93: PIPELINE phase=RUNNING reached=67000/100000 deferred=0 deferred<=30s=0 maxRetry=0
    capacity_integration_test.go:93: PIPELINE phase=RUNNING reached=67500/100000 deferred=0 deferred<=30s=0 maxRetry=0
    capacity_integration_test.go:93: PIPELINE phase=RUNNING reached=67950/100000 deferred=0 deferred<=30s=0 maxRetry=0
    capacity_integration_test.go:93: PIPELINE phase=RUNNING reached=68400/100000 deferred=0 deferred<=30s=0 maxRetry=0
    capacity_integration_test.go:93: PIPELINE phase=RUNNING reached=68850/100000 deferred=0 deferred<=30s=0 maxRetry=0
    capacity_integration_test.go:93: PIPELINE phase=RUNNING reached=69350/100000 deferred=0 deferred<=30s=0 maxRetry=0
    capacity_integration_test.go:93: PIPELINE phase=RUNNING reached=69850/100000 deferred=0 deferred<=30s=0 maxRetry=0
    capacity_integration_test.go:93: PIPELINE phase=RUNNING reached=70300/100000 deferred=0 deferred<=30s=0 maxRetry=0
    capacity_integration_test.go:93: PIPELINE phase=RUNNING reached=70800/100000 deferred=0 deferred<=30s=0 maxRetry=0
    capacity_integration_test.go:93: PIPELINE phase=RUNNING reached=71300/100000 deferred=0 deferred<=30s=0 maxRetry=0
    capacity_integration_test.go:93: PIPELINE phase=RUNNING reached=71750/100000 deferred=0 deferred<=30s=0 maxRetry=0
    capacity_integration_test.go:93: PIPELINE phase=RUNNING reached=72250/100000 deferred=0 deferred<=30s=0 maxRetry=0
    capacity_integration_test.go:93: PIPELINE phase=RUNNING reached=72750/100000 deferred=0 deferred<=30s=0 maxRetry=0
    capacity_integration_test.go:93: PIPELINE phase=RUNNING reached=73200/100000 deferred=0 deferred<=30s=0 maxRetry=0
    capacity_integration_test.go:93: PIPELINE phase=RUNNING reached=73650/100000 deferred=0 deferred<=30s=0 maxRetry=0
    capacity_integration_test.go:93: PIPELINE phase=RUNNING reached=74150/100000 deferred=0 deferred<=30s=0 maxRetry=0
    capacity_integration_test.go:93: PIPELINE phase=RUNNING reached=74600/100000 deferred=0 deferred<=30s=0 maxRetry=0
    capacity_integration_test.go:93: PIPELINE phase=RUNNING reached=75050/100000 deferred=0 deferred<=30s=0 maxRetry=0
    capacity_integration_test.go:93: PIPELINE phase=RUNNING reached=75500/100000 deferred=0 deferred<=30s=0 maxRetry=0
    capacity_integration_test.go:93: PIPELINE phase=RUNNING reached=76050/100000 deferred=0 deferred<=30s=0 maxRetry=0
    capacity_integration_test.go:93: PIPELINE phase=RUNNING reached=76550/100000 deferred=0 deferred<=30s=0 maxRetry=0
    capacity_integration_test.go:93: PIPELINE phase=RUNNING reached=76950/100000 deferred=0 deferred<=30s=0 maxRetry=0
    capacity_integration_test.go:93: PIPELINE phase=RUNNING reached=77450/100000 deferred=0 deferred<=30s=0 maxRetry=0
    capacity_integration_test.go:93: PIPELINE phase=RUNNING reached=77950/100000 deferred=0 deferred<=30s=0 maxRetry=0
    capacity_integration_test.go:93: PIPELINE phase=RUNNING reached=78350/100000 deferred=0 deferred<=30s=0 maxRetry=0
    capacity_integration_test.go:93: PIPELINE phase=RUNNING reached=78700/100000 deferred=0 deferred<=30s=0 maxRetry=0
    capacity_integration_test.go:93: PIPELINE phase=RUNNING reached=79200/100000 deferred=0 deferred<=30s=0 maxRetry=0
    capacity_integration_test.go:93: PIPELINE phase=RUNNING reached=79750/100000 deferred=0 deferred<=30s=0 maxRetry=0
    capacity_integration_test.go:93: PIPELINE phase=RUNNING reached=80300/100000 deferred=0 deferred<=30s=0 maxRetry=0
    capacity_integration_test.go:93: PIPELINE phase=RUNNING reached=80850/100000 deferred=0 deferred<=30s=0 maxRetry=0
    capacity_integration_test.go:93: PIPELINE phase=RUNNING reached=81400/100000 deferred=0 deferred<=30s=0 maxRetry=0
    capacity_integration_test.go:93: PIPELINE phase=RUNNING reached=81900/100000 deferred=0 deferred<=30s=0 maxRetry=0
    capacity_integration_test.go:93: PIPELINE phase=RUNNING reached=82450/100000 deferred=0 deferred<=30s=0 maxRetry=0
    capacity_integration_test.go:93: PIPELINE phase=RUNNING reached=82950/100000 deferred=0 deferred<=30s=0 maxRetry=0
    capacity_integration_test.go:93: PIPELINE phase=RUNNING reached=83500/100000 deferred=0 deferred<=30s=0 maxRetry=0
    capacity_integration_test.go:93: PIPELINE phase=RUNNING reached=84050/100000 deferred=0 deferred<=30s=0 maxRetry=0
    capacity_integration_test.go:93: PIPELINE phase=RUNNING reached=84600/100000 deferred=0 deferred<=30s=0 maxRetry=0
    capacity_integration_test.go:93: PIPELINE phase=RUNNING reached=85150/100000 deferred=0 deferred<=30s=0 maxRetry=0
    capacity_integration_test.go:93: PIPELINE phase=RUNNING reached=85700/100000 deferred=0 deferred<=30s=0 maxRetry=0
    capacity_integration_test.go:93: PIPELINE phase=RUNNING reached=86250/100000 deferred=0 deferred<=30s=0 maxRetry=0
    capacity_integration_test.go:93: PIPELINE phase=RUNNING reached=86800/100000 deferred=0 deferred<=30s=0 maxRetry=0
    capacity_integration_test.go:93: PIPELINE phase=RUNNING reached=87350/100000 deferred=0 deferred<=30s=0 maxRetry=0
    capacity_integration_test.go:93: PIPELINE phase=RUNNING reached=87900/100000 deferred=0 deferred<=30s=0 maxRetry=0
    capacity_integration_test.go:93: PIPELINE phase=RUNNING reached=88400/100000 deferred=0 deferred<=30s=0 maxRetry=0
    capacity_integration_test.go:93: PIPELINE phase=RUNNING reached=88900/100000 deferred=0 deferred<=30s=0 maxRetry=0
    capacity_integration_test.go:93: PIPELINE phase=RUNNING reached=89350/100000 deferred=0 deferred<=30s=0 maxRetry=0
    capacity_integration_test.go:93: PIPELINE phase=RUNNING reached=89800/100000 deferred=0 deferred<=30s=0 maxRetry=0
    capacity_integration_test.go:93: PIPELINE phase=RUNNING reached=90250/100000 deferred=0 deferred<=30s=0 maxRetry=0
    capacity_integration_test.go:93: PIPELINE phase=RUNNING reached=90700/100000 deferred=0 deferred<=30s=0 maxRetry=0
    capacity_integration_test.go:93: PIPELINE phase=RUNNING reached=91250/100000 deferred=0 deferred<=30s=0 maxRetry=0
    capacity_integration_test.go:93: PIPELINE phase=RUNNING reached=91800/100000 deferred=0 deferred<=30s=0 maxRetry=0
    capacity_integration_test.go:93: PIPELINE phase=RUNNING reached=92350/100000 deferred=0 deferred<=30s=0 maxRetry=0
    capacity_integration_test.go:93: PIPELINE phase=RUNNING reached=92850/100000 deferred=0 deferred<=30s=0 maxRetry=0
    capacity_integration_test.go:93: PIPELINE phase=RUNNING reached=93400/100000 deferred=0 deferred<=30s=0 maxRetry=0
    capacity_integration_test.go:93: PIPELINE phase=RUNNING reached=93900/100000 deferred=0 deferred<=30s=0 maxRetry=0
    capacity_integration_test.go:93: PIPELINE phase=RUNNING reached=94350/100000 deferred=0 deferred<=30s=0 maxRetry=0
    capacity_integration_test.go:93: PIPELINE phase=RUNNING reached=94900/100000 deferred=0 deferred<=30s=0 maxRetry=0
    capacity_integration_test.go:93: PIPELINE phase=RUNNING reached=95400/100000 deferred=0 deferred<=30s=0 maxRetry=0
    capacity_integration_test.go:93: PIPELINE phase=RUNNING reached=95900/100000 deferred=0 deferred<=30s=0 maxRetry=0
    capacity_integration_test.go:93: PIPELINE phase=RUNNING reached=96400/100000 deferred=0 deferred<=30s=0 maxRetry=0
    capacity_integration_test.go:93: PIPELINE phase=RUNNING reached=96900/100000 deferred=0 deferred<=30s=0 maxRetry=0
    capacity_integration_test.go:93: PIPELINE phase=RUNNING reached=97400/100000 deferred=0 deferred<=30s=0 maxRetry=0
    capacity_integration_test.go:93: PIPELINE phase=RUNNING reached=97900/100000 deferred=0 deferred<=30s=0 maxRetry=0
    capacity_integration_test.go:93: PIPELINE phase=RUNNING reached=98450/100000 deferred=0 deferred<=30s=0 maxRetry=0
    capacity_integration_test.go:93: PIPELINE phase=RUNNING reached=99050/100000 deferred=0 deferred<=30s=0 maxRetry=0
    capacity_integration_test.go:93: PIPELINE phase=RUNNING reached=99550/100000 deferred=0 deferred<=30s=0 maxRetry=0
    capacity_integration_test.go:106: CAPACITY REPORT tasks=100000 wall=41m47.945s throughput=40 tasks/s
    capacity_integration_test.go:108: CAPACITY REPORT enqueue wall=4m11.954s throughput=397 tasks/s submit p50=246ms p95=320ms p99=382ms
    capacity_integration_test.go:111: CAPACITY REPORT admit wall=7m11.553s throughput=232 tasks/s queue->admit p50=5m51.691s p95=7m7.223s p99=7m11.608s
    capacity_integration_test.go:114: CAPACITY REPORT schedule wall=18m46.023s throughput=89 tasks/s admit->run p50=12m51.632s p95=18m13.695s p99=18m39.23s
    capacity_integration_test.go:117: CAPACITY REPORT complete wall=11m38.374s throughput=143 tasks/s run->done p50=15m7.388s p95=18m22.444s p99=18m41.989s
    capacity_integration_test.go:120: CAPACITY REPORT end-to-end p50=33m50.795s p95=37m16.62s p99=37m32.981s
--- PASS: TestControlPlanePipelineCapacityBaseline (2509.41s)
PASS
ok  	github.com/CloudEdgeCore/AgentOS/internal/kernel/store/postgres	2509.463s
