=== RUN   TestControlPlanePipelineCapacityBaseline
    capacity_integration_test.go:72: PIPELINE phase=ADMITTED reached=1050/100000 deferred=0 deferred<=30s=0 maxRetry=0
    capacity_integration_test.go:72: PIPELINE phase=ADMITTED reached=2150/100000 deferred=0 deferred<=30s=0 maxRetry=0
    capacity_integration_test.go:72: PIPELINE phase=ADMITTED reached=3250/100000 deferred=0 deferred<=30s=0 maxRetry=0
    capacity_integration_test.go:72: PIPELINE phase=ADMITTED reached=4350/100000 deferred=0 deferred<=30s=0 maxRetry=0
    capacity_integration_test.go:72: PIPELINE phase=ADMITTED reached=5400/100000 deferred=0 deferred<=30s=0 maxRetry=0
    capacity_integration_test.go:72: PIPELINE phase=ADMITTED reached=6450/100000 deferred=0 deferred<=30s=0 maxRetry=0
    capacity_integration_test.go:72: PIPELINE phase=ADMITTED reached=7550/100000 deferred=0 deferred<=30s=0 maxRetry=0
    capacity_integration_test.go:72: PIPELINE phase=ADMITTED reached=8650/100000 deferred=0 deferred<=30s=0 maxRetry=0
    capacity_integration_test.go:72: PIPELINE phase=ADMITTED reached=9750/100000 deferred=0 deferred<=30s=0 maxRetry=0
    capacity_integration_test.go:72: PIPELINE phase=ADMITTED reached=10850/100000 deferred=0 deferred<=30s=0 maxRetry=0
    capacity_integration_test.go:72: PIPELINE phase=ADMITTED reached=11950/100000 deferred=0 deferred<=30s=0 maxRetry=0
    capacity_integration_test.go:72: PIPELINE phase=ADMITTED reached=13050/100000 deferred=0 deferred<=30s=0 maxRetry=0
    capacity_integration_test.go:72: PIPELINE phase=ADMITTED reached=14100/100000 deferred=0 deferred<=30s=0 maxRetry=0
    capacity_integration_test.go:72: PIPELINE phase=ADMITTED reached=15100/100000 deferred=0 deferred<=30s=0 maxRetry=0
    capacity_integration_test.go:72: PIPELINE phase=ADMITTED reached=16100/100000 deferred=0 deferred<=30s=0 maxRetry=0
    capacity_integration_test.go:72: PIPELINE phase=ADMITTED reached=17200/100000 deferred=0 deferred<=30s=0 maxRetry=0
    capacity_integration_test.go:72: PIPELINE phase=ADMITTED reached=18250/100000 deferred=0 deferred<=30s=0 maxRetry=0
    capacity_integration_test.go:72: PIPELINE phase=ADMITTED reached=19300/100000 deferred=0 deferred<=30s=0 maxRetry=0
    capacity_integration_test.go:72: PIPELINE phase=ADMITTED reached=20450/100000 deferred=0 deferred<=30s=0 maxRetry=0
    capacity_integration_test.go:72: PIPELINE phase=ADMITTED reached=21600/100000 deferred=0 deferred<=30s=0 maxRetry=0
    capacity_integration_test.go:72: PIPELINE phase=ADMITTED reached=22750/100000 deferred=0 deferred<=30s=0 maxRetry=0
    capacity_integration_test.go:72: PIPELINE phase=ADMITTED reached=23900/100000 deferred=0 deferred<=30s=0 maxRetry=0
    capacity_integration_test.go:72: PIPELINE phase=ADMITTED reached=25000/100000 deferred=0 deferred<=30s=0 maxRetry=0
    capacity_integration_test.go:72: PIPELINE phase=ADMITTED reached=26150/100000 deferred=0 deferred<=30s=0 maxRetry=0
    capacity_integration_test.go:72: PIPELINE phase=ADMITTED reached=27300/100000 deferred=0 deferred<=30s=0 maxRetry=0
    capacity_integration_test.go:72: PIPELINE phase=ADMITTED reached=28450/100000 deferred=0 deferred<=30s=0 maxRetry=0
    capacity_integration_test.go:72: PIPELINE phase=ADMITTED reached=29600/100000 deferred=0 deferred<=30s=0 maxRetry=0
    capacity_integration_test.go:72: PIPELINE phase=ADMITTED reached=30750/100000 deferred=0 deferred<=30s=0 maxRetry=0
    capacity_integration_test.go:72: PIPELINE phase=ADMITTED reached=31900/100000 deferred=0 deferred<=30s=0 maxRetry=0
    capacity_integration_test.go:72: PIPELINE phase=ADMITTED reached=33100/100000 deferred=0 deferred<=30s=0 maxRetry=0
    capacity_integration_test.go:72: PIPELINE phase=ADMITTED reached=34300/100000 deferred=0 deferred<=30s=0 maxRetry=0
    capacity_integration_test.go:72: PIPELINE phase=ADMITTED reached=35450/100000 deferred=0 deferred<=30s=0 maxRetry=0
    capacity_integration_test.go:72: PIPELINE phase=ADMITTED reached=36650/100000 deferred=0 deferred<=30s=0 maxRetry=0
    capacity_integration_test.go:72: PIPELINE phase=ADMITTED reached=37850/100000 deferred=0 deferred<=30s=0 maxRetry=0
    capacity_integration_test.go:72: PIPELINE phase=ADMITTED reached=39050/100000 deferred=0 deferred<=30s=0 maxRetry=0
    capacity_integration_test.go:72: PIPELINE phase=ADMITTED reached=40250/100000 deferred=0 deferred<=30s=0 maxRetry=0
    capacity_integration_test.go:72: PIPELINE phase=ADMITTED reached=41450/100000 deferred=0 deferred<=30s=0 maxRetry=0
    capacity_integration_test.go:72: PIPELINE phase=ADMITTED reached=42650/100000 deferred=0 deferred<=30s=0 maxRetry=0
    capacity_integration_test.go:72: PIPELINE phase=ADMITTED reached=43800/100000 deferred=0 deferred<=30s=0 maxRetry=0
    capacity_integration_test.go:72: PIPELINE phase=ADMITTED reached=44900/100000 deferred=0 deferred<=30s=0 maxRetry=0
    capacity_integration_test.go:72: PIPELINE phase=ADMITTED reached=46000/100000 deferred=0 deferred<=30s=0 maxRetry=0
    capacity_integration_test.go:72: PIPELINE phase=ADMITTED reached=47050/100000 deferred=0 deferred<=30s=0 maxRetry=0
    capacity_integration_test.go:72: PIPELINE phase=ADMITTED reached=48100/100000 deferred=0 deferred<=30s=0 maxRetry=0
    capacity_integration_test.go:72: PIPELINE phase=ADMITTED reached=49200/100000 deferred=0 deferred<=30s=0 maxRetry=0
    capacity_integration_test.go:72: PIPELINE phase=ADMITTED reached=50300/100000 deferred=0 deferred<=30s=0 maxRetry=0
    capacity_integration_test.go:72: PIPELINE phase=ADMITTED reached=51400/100000 deferred=0 deferred<=30s=0 maxRetry=0
    capacity_integration_test.go:72: PIPELINE phase=ADMITTED reached=52500/100000 deferred=0 deferred<=30s=0 maxRetry=0
    capacity_integration_test.go:72: PIPELINE phase=ADMITTED reached=53600/100000 deferred=0 deferred<=30s=0 maxRetry=0
    capacity_integration_test.go:72: PIPELINE phase=ADMITTED reached=54700/100000 deferred=0 deferred<=30s=0 maxRetry=0
    capacity_integration_test.go:72: PIPELINE phase=ADMITTED reached=55850/100000 deferred=0 deferred<=30s=0 maxRetry=0
    capacity_integration_test.go:72: PIPELINE phase=ADMITTED reached=56950/100000 deferred=0 deferred<=30s=0 maxRetry=0
    capacity_integration_test.go:72: PIPELINE phase=ADMITTED reached=58150/100000 deferred=0 deferred<=30s=0 maxRetry=0
    capacity_integration_test.go:72: PIPELINE phase=ADMITTED reached=59350/100000 deferred=0 deferred<=30s=0 maxRetry=0
    capacity_integration_test.go:72: PIPELINE phase=ADMITTED reached=60550/100000 deferred=0 deferred<=30s=0 maxRetry=0
    capacity_integration_test.go:72: PIPELINE phase=ADMITTED reached=61750/100000 deferred=0 deferred<=30s=0 maxRetry=0
    capacity_integration_test.go:72: PIPELINE phase=ADMITTED reached=62950/100000 deferred=0 deferred<=30s=0 maxRetry=0
    capacity_integration_test.go:72: PIPELINE phase=ADMITTED reached=64150/100000 deferred=0 deferred<=30s=0 maxRetry=0
    capacity_integration_test.go:72: PIPELINE phase=ADMITTED reached=65350/100000 deferred=0 deferred<=30s=0 maxRetry=0
    capacity_integration_test.go:72: PIPELINE phase=ADMITTED reached=66550/100000 deferred=0 deferred<=30s=0 maxRetry=0
    capacity_integration_test.go:72: PIPELINE phase=ADMITTED reached=67750/100000 deferred=0 deferred<=30s=0 maxRetry=0
    capacity_integration_test.go:72: PIPELINE phase=ADMITTED reached=68950/100000 deferred=0 deferred<=30s=0 maxRetry=0
    capacity_integration_test.go:72: PIPELINE phase=ADMITTED reached=70150/100000 deferred=0 deferred<=30s=0 maxRetry=0
    capacity_integration_test.go:72: PIPELINE phase=ADMITTED reached=71400/100000 deferred=0 deferred<=30s=0 maxRetry=0
    capacity_integration_test.go:72: PIPELINE phase=ADMITTED reached=72550/100000 deferred=0 deferred<=30s=0 maxRetry=0
    capacity_integration_test.go:72: PIPELINE phase=ADMITTED reached=73700/100000 deferred=0 deferred<=30s=0 maxRetry=0
    capacity_integration_test.go:72: PIPELINE phase=ADMITTED reached=74900/100000 deferred=0 deferred<=30s=0 maxRetry=0
    capacity_integration_test.go:72: PIPELINE phase=ADMITTED reached=76100/100000 deferred=0 deferred<=30s=0 maxRetry=0
    capacity_integration_test.go:72: PIPELINE phase=ADMITTED reached=77350/100000 deferred=0 deferred<=30s=0 maxRetry=0
    capacity_integration_test.go:72: PIPELINE phase=ADMITTED reached=78600/100000 deferred=0 deferred<=30s=0 maxRetry=0
    capacity_integration_test.go:72: PIPELINE phase=ADMITTED reached=79800/100000 deferred=0 deferred<=30s=0 maxRetry=0
    capacity_integration_test.go:72: PIPELINE phase=ADMITTED reached=81000/100000 deferred=0 deferred<=30s=0 maxRetry=0
    capacity_integration_test.go:72: PIPELINE phase=ADMITTED reached=82150/100000 deferred=0 deferred<=30s=0 maxRetry=0
    capacity_integration_test.go:72: PIPELINE phase=ADMITTED reached=83400/100000 deferred=0 deferred<=30s=0 maxRetry=0
    capacity_integration_test.go:72: PIPELINE phase=ADMITTED reached=84650/100000 deferred=0 deferred<=30s=0 maxRetry=0
    capacity_integration_test.go:72: PIPELINE phase=ADMITTED reached=85850/100000 deferred=0 deferred<=30s=0 maxRetry=0
    capacity_integration_test.go:72: PIPELINE phase=ADMITTED reached=87100/100000 deferred=0 deferred<=30s=0 maxRetry=0
    capacity_integration_test.go:72: PIPELINE phase=ADMITTED reached=88350/100000 deferred=0 deferred<=30s=0 maxRetry=0
    capacity_integration_test.go:72: PIPELINE phase=ADMITTED reached=89650/100000 deferred=0 deferred<=30s=0 maxRetry=0
    capacity_integration_test.go:72: PIPELINE phase=ADMITTED reached=90850/100000 deferred=0 deferred<=30s=0 maxRetry=0
    capacity_integration_test.go:72: PIPELINE phase=ADMITTED reached=92100/100000 deferred=0 deferred<=30s=0 maxRetry=0
    capacity_integration_test.go:72: PIPELINE phase=ADMITTED reached=93350/100000 deferred=0 deferred<=30s=0 maxRetry=0
    capacity_integration_test.go:72: PIPELINE phase=ADMITTED reached=94650/100000 deferred=0 deferred<=30s=0 maxRetry=0
    capacity_integration_test.go:72: PIPELINE phase=ADMITTED reached=95900/100000 deferred=0 deferred<=30s=0 maxRetry=0
    capacity_integration_test.go:72: PIPELINE phase=ADMITTED reached=97200/100000 deferred=0 deferred<=30s=0 maxRetry=0
    capacity_integration_test.go:72: PIPELINE phase=ADMITTED reached=98450/100000 deferred=0 deferred<=30s=0 maxRetry=0
    capacity_integration_test.go:72: PIPELINE phase=ADMITTED reached=99650/100000 deferred=0 deferred<=30s=0 maxRetry=0
    capacity_integration_test.go:93: PIPELINE phase=RUNNING reached=400/100000 deferred=0 deferred<=30s=0 maxRetry=0
    capacity_integration_test.go:93: PIPELINE phase=RUNNING reached=750/100000 deferred=0 deferred<=30s=0 maxRetry=0
    capacity_integration_test.go:93: PIPELINE phase=RUNNING reached=1200/100000 deferred=0 deferred<=30s=0 maxRetry=0
    capacity_integration_test.go:93: PIPELINE phase=RUNNING reached=1650/100000 deferred=0 deferred<=30s=0 maxRetry=0
    capacity_integration_test.go:93: PIPELINE phase=RUNNING reached=2100/100000 deferred=0 deferred<=30s=0 maxRetry=0
    capacity_integration_test.go:93: PIPELINE phase=RUNNING reached=2550/100000 deferred=0 deferred<=30s=0 maxRetry=0
    capacity_integration_test.go:93: PIPELINE phase=RUNNING reached=2950/100000 deferred=0 deferred<=30s=0 maxRetry=0
    capacity_integration_test.go:93: PIPELINE phase=RUNNING reached=3400/100000 deferred=0 deferred<=30s=0 maxRetry=0
    capacity_integration_test.go:93: PIPELINE phase=RUNNING reached=3800/100000 deferred=0 deferred<=30s=0 maxRetry=0
    capacity_integration_test.go:93: PIPELINE phase=RUNNING reached=4200/100000 deferred=0 deferred<=30s=0 maxRetry=0
    capacity_integration_test.go:93: PIPELINE phase=RUNNING reached=4650/100000 deferred=0 deferred<=30s=0 maxRetry=0
    capacity_integration_test.go:93: PIPELINE phase=RUNNING reached=5100/100000 deferred=0 deferred<=30s=0 maxRetry=0
    capacity_integration_test.go:93: PIPELINE phase=RUNNING reached=5550/100000 deferred=0 deferred<=30s=0 maxRetry=0
    capacity_integration_test.go:93: PIPELINE phase=RUNNING reached=6000/100000 deferred=0 deferred<=30s=0 maxRetry=0
    capacity_integration_test.go:93: PIPELINE phase=RUNNING reached=6450/100000 deferred=0 deferred<=30s=0 maxRetry=0
    capacity_integration_test.go:93: PIPELINE phase=RUNNING reached=6850/100000 deferred=0 deferred<=30s=0 maxRetry=0
    capacity_integration_test.go:93: PIPELINE phase=RUNNING reached=7250/100000 deferred=0 deferred<=30s=0 maxRetry=0
    capacity_integration_test.go:93: PIPELINE phase=RUNNING reached=7650/100000 deferred=0 deferred<=30s=0 maxRetry=0
    capacity_integration_test.go:93: PIPELINE phase=RUNNING reached=8100/100000 deferred=0 deferred<=30s=0 maxRetry=0
    capacity_integration_test.go:93: PIPELINE phase=RUNNING reached=8550/100000 deferred=0 deferred<=30s=0 maxRetry=0
    capacity_integration_test.go:93: PIPELINE phase=RUNNING reached=9000/100000 deferred=0 deferred<=30s=0 maxRetry=0
    capacity_integration_test.go:93: PIPELINE phase=RUNNING reached=9450/100000 deferred=0 deferred<=30s=0 maxRetry=0
    capacity_integration_test.go:93: PIPELINE phase=RUNNING reached=9900/100000 deferred=0 deferred<=30s=0 maxRetry=0
    capacity_integration_test.go:93: PIPELINE phase=RUNNING reached=10350/100000 deferred=0 deferred<=30s=0 maxRetry=0
    capacity_integration_test.go:93: PIPELINE phase=RUNNING reached=10800/100000 deferred=0 deferred<=30s=0 maxRetry=0
    capacity_integration_test.go:93: PIPELINE phase=RUNNING reached=11250/100000 deferred=0 deferred<=30s=0 maxRetry=0
    capacity_integration_test.go:93: PIPELINE phase=RUNNING reached=11700/100000 deferred=0 deferred<=30s=0 maxRetry=0
    capacity_integration_test.go:93: PIPELINE phase=RUNNING reached=12150/100000 deferred=0 deferred<=30s=0 maxRetry=0
    capacity_integration_test.go:93: PIPELINE phase=RUNNING reached=12600/100000 deferred=0 deferred<=30s=0 maxRetry=0
    capacity_integration_test.go:93: PIPELINE phase=RUNNING reached=13050/100000 deferred=0 deferred<=30s=0 maxRetry=0
    capacity_integration_test.go:93: PIPELINE phase=RUNNING reached=13500/100000 deferred=0 deferred<=30s=0 maxRetry=0
    capacity_integration_test.go:93: PIPELINE phase=RUNNING reached=13950/100000 deferred=0 deferred<=30s=0 maxRetry=0
    capacity_integration_test.go:93: PIPELINE phase=RUNNING reached=14400/100000 deferred=0 deferred<=30s=0 maxRetry=0
    capacity_integration_test.go:93: PIPELINE phase=RUNNING reached=14850/100000 deferred=0 deferred<=30s=0 maxRetry=0
    capacity_integration_test.go:93: PIPELINE phase=RUNNING reached=15300/100000 deferred=0 deferred<=30s=0 maxRetry=0
    capacity_integration_test.go:93: PIPELINE phase=RUNNING reached=15750/100000 deferred=0 deferred<=30s=0 maxRetry=0
    capacity_integration_test.go:93: PIPELINE phase=RUNNING reached=16200/100000 deferred=0 deferred<=30s=0 maxRetry=0
    capacity_integration_test.go:93: PIPELINE phase=RUNNING reached=16650/100000 deferred=0 deferred<=30s=0 maxRetry=0
    capacity_integration_test.go:93: PIPELINE phase=RUNNING reached=17100/100000 deferred=0 deferred<=30s=0 maxRetry=0
    capacity_integration_test.go:93: PIPELINE phase=RUNNING reached=17550/100000 deferred=0 deferred<=30s=0 maxRetry=0
    capacity_integration_test.go:93: PIPELINE phase=RUNNING reached=18000/100000 deferred=0 deferred<=30s=0 maxRetry=0
    capacity_integration_test.go:93: PIPELINE phase=RUNNING reached=18400/100000 deferred=0 deferred<=30s=0 maxRetry=0
    capacity_integration_test.go:93: PIPELINE phase=RUNNING reached=18850/100000 deferred=0 deferred<=30s=0 maxRetry=0
    capacity_integration_test.go:93: PIPELINE phase=RUNNING reached=19300/100000 deferred=0 deferred<=30s=0 maxRetry=0
    capacity_integration_test.go:93: PIPELINE phase=RUNNING reached=19750/100000 deferred=0 deferred<=30s=0 maxRetry=0
    capacity_integration_test.go:93: PIPELINE phase=RUNNING reached=20150/100000 deferred=0 deferred<=30s=0 maxRetry=0
    capacity_integration_test.go:93: PIPELINE phase=RUNNING reached=20600/100000 deferred=0 deferred<=30s=0 maxRetry=0
    capacity_integration_test.go:93: PIPELINE phase=RUNNING reached=21050/100000 deferred=0 deferred<=30s=0 maxRetry=0
    capacity_integration_test.go:93: PIPELINE phase=RUNNING reached=21500/100000 deferred=0 deferred<=30s=0 maxRetry=0
    capacity_integration_test.go:93: PIPELINE phase=RUNNING reached=21950/100000 deferred=0 deferred<=30s=0 maxRetry=0
    capacity_integration_test.go:93: PIPELINE phase=RUNNING reached=22400/100000 deferred=0 deferred<=30s=0 maxRetry=0
    capacity_integration_test.go:93: PIPELINE phase=RUNNING reached=22850/100000 deferred=0 deferred<=30s=0 maxRetry=0
    capacity_integration_test.go:93: PIPELINE phase=RUNNING reached=23250/100000 deferred=0 deferred<=30s=0 maxRetry=0
    capacity_integration_test.go:93: PIPELINE phase=RUNNING reached=23700/100000 deferred=0 deferred<=30s=0 maxRetry=0
    capacity_integration_test.go:93: PIPELINE phase=RUNNING reached=24150/100000 deferred=0 deferred<=30s=0 maxRetry=0
    capacity_integration_test.go:93: PIPELINE phase=RUNNING reached=24600/100000 deferred=0 deferred<=30s=0 maxRetry=0
    capacity_integration_test.go:93: PIPELINE phase=RUNNING reached=25050/100000 deferred=0 deferred<=30s=0 maxRetry=0
    capacity_integration_test.go:93: PIPELINE phase=RUNNING reached=25500/100000 deferred=0 deferred<=30s=0 maxRetry=0
    capacity_integration_test.go:93: PIPELINE phase=RUNNING reached=25950/100000 deferred=0 deferred<=30s=0 maxRetry=0
    capacity_integration_test.go:93: PIPELINE phase=RUNNING reached=26400/100000 deferred=0 deferred<=30s=0 maxRetry=0
    capacity_integration_test.go:93: PIPELINE phase=RUNNING reached=26850/100000 deferred=0 deferred<=30s=0 maxRetry=0
    capacity_integration_test.go:93: PIPELINE phase=RUNNING reached=27300/100000 deferred=0 deferred<=30s=0 maxRetry=0
    capacity_integration_test.go:93: PIPELINE phase=RUNNING reached=27750/100000 deferred=0 deferred<=30s=0 maxRetry=0
    capacity_integration_test.go:93: PIPELINE phase=RUNNING reached=28200/100000 deferred=0 deferred<=30s=0 maxRetry=0
    capacity_integration_test.go:93: PIPELINE phase=RUNNING reached=28650/100000 deferred=0 deferred<=30s=0 maxRetry=0
    capacity_integration_test.go:93: PIPELINE phase=RUNNING reached=29100/100000 deferred=0 deferred<=30s=0 maxRetry=0
    capacity_integration_test.go:93: PIPELINE phase=RUNNING reached=29500/100000 deferred=0 deferred<=30s=0 maxRetry=0
    capacity_integration_test.go:93: PIPELINE phase=RUNNING reached=29950/100000 deferred=0 deferred<=30s=0 maxRetry=0
    capacity_integration_test.go:93: PIPELINE phase=RUNNING reached=30400/100000 deferred=0 deferred<=30s=0 maxRetry=0
    capacity_integration_test.go:93: PIPELINE phase=RUNNING reached=30850/100000 deferred=0 deferred<=30s=0 maxRetry=0
    capacity_integration_test.go:93: PIPELINE phase=RUNNING reached=31300/100000 deferred=0 deferred<=30s=0 maxRetry=0
    capacity_integration_test.go:93: PIPELINE phase=RUNNING reached=31750/100000 deferred=0 deferred<=30s=0 maxRetry=0
    capacity_integration_test.go:93: PIPELINE phase=RUNNING reached=32200/100000 deferred=0 deferred<=30s=0 maxRetry=0
    capacity_integration_test.go:93: PIPELINE phase=RUNNING reached=32650/100000 deferred=0 deferred<=30s=0 maxRetry=0
    capacity_integration_test.go:93: PIPELINE phase=RUNNING reached=33150/100000 deferred=0 deferred<=30s=0 maxRetry=0
    capacity_integration_test.go:93: PIPELINE phase=RUNNING reached=33600/100000 deferred=0 deferred<=30s=0 maxRetry=0
    capacity_integration_test.go:93: PIPELINE phase=RUNNING reached=34050/100000 deferred=0 deferred<=30s=0 maxRetry=0
    capacity_integration_test.go:93: PIPELINE phase=RUNNING reached=34500/100000 deferred=0 deferred<=30s=0 maxRetry=0
    capacity_integration_test.go:93: PIPELINE phase=RUNNING reached=34950/100000 deferred=0 deferred<=30s=0 maxRetry=0
    capacity_integration_test.go:93: PIPELINE phase=RUNNING reached=35400/100000 deferred=0 deferred<=30s=0 maxRetry=0
    capacity_integration_test.go:93: PIPELINE phase=RUNNING reached=35850/100000 deferred=0 deferred<=30s=0 maxRetry=0
    capacity_integration_test.go:93: PIPELINE phase=RUNNING reached=36300/100000 deferred=0 deferred<=30s=0 maxRetry=0
    capacity_integration_test.go:93: PIPELINE phase=RUNNING reached=36700/100000 deferred=0 deferred<=30s=0 maxRetry=0
    capacity_integration_test.go:93: PIPELINE phase=RUNNING reached=37150/100000 deferred=0 deferred<=30s=0 maxRetry=0
    capacity_integration_test.go:93: PIPELINE phase=RUNNING reached=37550/100000 deferred=0 deferred<=30s=0 maxRetry=0
    capacity_integration_test.go:93: PIPELINE phase=RUNNING reached=38000/100000 deferred=0 deferred<=30s=0 maxRetry=0
    capacity_integration_test.go:93: PIPELINE phase=RUNNING reached=38450/100000 deferred=0 deferred<=30s=0 maxRetry=0
    capacity_integration_test.go:93: PIPELINE phase=RUNNING reached=38900/100000 deferred=0 deferred<=30s=0 maxRetry=0
    capacity_integration_test.go:93: PIPELINE phase=RUNNING reached=39350/100000 deferred=0 deferred<=30s=0 maxRetry=0
    capacity_integration_test.go:93: PIPELINE phase=RUNNING reached=39800/100000 deferred=0 deferred<=30s=0 maxRetry=0
    capacity_integration_test.go:93: PIPELINE phase=RUNNING reached=40250/100000 deferred=0 deferred<=30s=0 maxRetry=0
    capacity_integration_test.go:93: PIPELINE phase=RUNNING reached=40700/100000 deferred=0 deferred<=30s=0 maxRetry=0
    capacity_integration_test.go:93: PIPELINE phase=RUNNING reached=41200/100000 deferred=0 deferred<=30s=0 maxRetry=0
    capacity_integration_test.go:93: PIPELINE phase=RUNNING reached=41650/100000 deferred=0 deferred<=30s=0 maxRetry=0
    capacity_integration_test.go:93: PIPELINE phase=RUNNING reached=42100/100000 deferred=0 deferred<=30s=0 maxRetry=0
    capacity_integration_test.go:93: PIPELINE phase=RUNNING reached=42600/100000 deferred=0 deferred<=30s=0 maxRetry=0
    capacity_integration_test.go:93: PIPELINE phase=RUNNING reached=43050/100000 deferred=0 deferred<=30s=0 maxRetry=0
    capacity_integration_test.go:93: PIPELINE phase=RUNNING reached=43500/100000 deferred=0 deferred<=30s=0 maxRetry=0
    capacity_integration_test.go:93: PIPELINE phase=RUNNING reached=43950/100000 deferred=0 deferred<=30s=0 maxRetry=0
    capacity_integration_test.go:93: PIPELINE phase=RUNNING reached=44450/100000 deferred=0 deferred<=30s=0 maxRetry=0
    capacity_integration_test.go:93: PIPELINE phase=RUNNING reached=44900/100000 deferred=0 deferred<=30s=0 maxRetry=0
    capacity_integration_test.go:93: PIPELINE phase=RUNNING reached=45350/100000 deferred=0 deferred<=30s=0 maxRetry=0
    capacity_integration_test.go:93: PIPELINE phase=RUNNING reached=45800/100000 deferred=0 deferred<=30s=0 maxRetry=0
    capacity_integration_test.go:93: PIPELINE phase=RUNNING reached=46250/100000 deferred=0 deferred<=30s=0 maxRetry=0
    capacity_integration_test.go:93: PIPELINE phase=RUNNING reached=46750/100000 deferred=0 deferred<=30s=0 maxRetry=0
    capacity_integration_test.go:93: PIPELINE phase=RUNNING reached=47200/100000 deferred=0 deferred<=30s=0 maxRetry=0
    capacity_integration_test.go:93: PIPELINE phase=RUNNING reached=47650/100000 deferred=0 deferred<=30s=0 maxRetry=0
    capacity_integration_test.go:93: PIPELINE phase=RUNNING reached=48100/100000 deferred=0 deferred<=30s=0 maxRetry=0
    capacity_integration_test.go:93: PIPELINE phase=RUNNING reached=48550/100000 deferred=0 deferred<=30s=0 maxRetry=0
    capacity_integration_test.go:93: PIPELINE phase=RUNNING reached=49000/100000 deferred=0 deferred<=30s=0 maxRetry=0
    capacity_integration_test.go:93: PIPELINE phase=RUNNING reached=49450/100000 deferred=0 deferred<=30s=0 maxRetry=0
    capacity_integration_test.go:93: PIPELINE phase=RUNNING reached=49900/100000 deferred=0 deferred<=30s=0 maxRetry=0
    capacity_integration_test.go:93: PIPELINE phase=RUNNING reached=50350/100000 deferred=0 deferred<=30s=0 maxRetry=0
    capacity_integration_test.go:93: PIPELINE phase=RUNNING reached=50800/100000 deferred=0 deferred<=30s=0 maxRetry=0
    capacity_integration_test.go:93: PIPELINE phase=RUNNING reached=51250/100000 deferred=0 deferred<=30s=0 maxRetry=0
    capacity_integration_test.go:93: PIPELINE phase=RUNNING reached=51700/100000 deferred=0 deferred<=30s=0 maxRetry=0
    capacity_integration_test.go:93: PIPELINE phase=RUNNING reached=52150/100000 deferred=0 deferred<=30s=0 maxRetry=0
    capacity_integration_test.go:93: PIPELINE phase=RUNNING reached=52600/100000 deferred=0 deferred<=30s=0 maxRetry=0
    capacity_integration_test.go:93: PIPELINE phase=RUNNING reached=53050/100000 deferred=0 deferred<=30s=0 maxRetry=0
    capacity_integration_test.go:93: PIPELINE phase=RUNNING reached=53500/100000 deferred=0 deferred<=30s=0 maxRetry=0
    capacity_integration_test.go:93: PIPELINE phase=RUNNING reached=53950/100000 deferred=0 deferred<=30s=0 maxRetry=0
    capacity_integration_test.go:93: PIPELINE phase=RUNNING reached=54400/100000 deferred=0 deferred<=30s=0 maxRetry=0
    capacity_integration_test.go:93: PIPELINE phase=RUNNING reached=54900/100000 deferred=0 deferred<=30s=0 maxRetry=0
    capacity_integration_test.go:93: PIPELINE phase=RUNNING reached=55350/100000 deferred=0 deferred<=30s=0 maxRetry=0
    capacity_integration_test.go:93: PIPELINE phase=RUNNING reached=55800/100000 deferred=0 deferred<=30s=0 maxRetry=0
    capacity_integration_test.go:93: PIPELINE phase=RUNNING reached=56250/100000 deferred=0 deferred<=30s=0 maxRetry=0
    capacity_integration_test.go:93: PIPELINE phase=RUNNING reached=56750/100000 deferred=0 deferred<=30s=0 maxRetry=0
    capacity_integration_test.go:93: PIPELINE phase=RUNNING reached=57200/100000 deferred=0 deferred<=30s=0 maxRetry=0
    capacity_integration_test.go:93: PIPELINE phase=RUNNING reached=57650/100000 deferred=0 deferred<=30s=0 maxRetry=0
    capacity_integration_test.go:93: PIPELINE phase=RUNNING reached=58100/100000 deferred=0 deferred<=30s=0 maxRetry=0
    capacity_integration_test.go:93: PIPELINE phase=RUNNING reached=58600/100000 deferred=0 deferred<=30s=0 maxRetry=0
    capacity_integration_test.go:93: PIPELINE phase=RUNNING reached=59050/100000 deferred=0 deferred<=30s=0 maxRetry=0
    capacity_integration_test.go:93: PIPELINE phase=RUNNING reached=59500/100000 deferred=0 deferred<=30s=0 maxRetry=0
    capacity_integration_test.go:93: PIPELINE phase=RUNNING reached=59950/100000 deferred=0 deferred<=30s=0 maxRetry=0
    capacity_integration_test.go:93: PIPELINE phase=RUNNING reached=60400/100000 deferred=0 deferred<=30s=0 maxRetry=0
    capacity_integration_test.go:93: PIPELINE phase=RUNNING reached=60900/100000 deferred=0 deferred<=30s=0 maxRetry=0
    capacity_integration_test.go:93: PIPELINE phase=RUNNING reached=61450/100000 deferred=0 deferred<=30s=0 maxRetry=0
    capacity_integration_test.go:93: PIPELINE phase=RUNNING reached=62000/100000 deferred=0 deferred<=30s=0 maxRetry=0
    capacity_integration_test.go:93: PIPELINE phase=RUNNING reached=62550/100000 deferred=0 deferred<=30s=0 maxRetry=0
    capacity_integration_test.go:93: PIPELINE phase=RUNNING reached=63100/100000 deferred=0 deferred<=30s=0 maxRetry=0
    capacity_integration_test.go:93: PIPELINE phase=RUNNING reached=63650/100000 deferred=0 deferred<=30s=0 maxRetry=0
    capacity_integration_test.go:93: PIPELINE phase=RUNNING reached=64200/100000 deferred=0 deferred<=30s=0 maxRetry=0
    capacity_integration_test.go:93: PIPELINE phase=RUNNING reached=64750/100000 deferred=0 deferred<=30s=0 maxRetry=0
    capacity_integration_test.go:93: PIPELINE phase=RUNNING reached=65300/100000 deferred=0 deferred<=30s=0 maxRetry=0
    capacity_integration_test.go:93: PIPELINE phase=RUNNING reached=65850/100000 deferred=0 deferred<=30s=0 maxRetry=0
    capacity_integration_test.go:93: PIPELINE phase=RUNNING reached=66400/100000 deferred=0 deferred<=30s=0 maxRetry=0
    capacity_integration_test.go:93: PIPELINE phase=RUNNING reached=66950/100000 deferred=0 deferred<=30s=0 maxRetry=0
    capacity_integration_test.go:93: PIPELINE phase=RUNNING reached=67450/100000 deferred=0 deferred<=30s=0 maxRetry=0
    capacity_integration_test.go:93: PIPELINE phase=RUNNING reached=68000/100000 deferred=0 deferred<=30s=0 maxRetry=0
    capacity_integration_test.go:93: PIPELINE phase=RUNNING reached=68550/100000 deferred=0 deferred<=30s=0 maxRetry=0
    capacity_integration_test.go:93: PIPELINE phase=RUNNING reached=69000/100000 deferred=0 deferred<=30s=0 maxRetry=0
    capacity_integration_test.go:93: PIPELINE phase=RUNNING reached=69550/100000 deferred=0 deferred<=30s=0 maxRetry=0
    capacity_integration_test.go:93: PIPELINE phase=RUNNING reached=70100/100000 deferred=0 deferred<=30s=0 maxRetry=0
    capacity_integration_test.go:93: PIPELINE phase=RUNNING reached=70650/100000 deferred=0 deferred<=30s=0 maxRetry=0
    capacity_integration_test.go:93: PIPELINE phase=RUNNING reached=71150/100000 deferred=0 deferred<=30s=0 maxRetry=0
    capacity_integration_test.go:93: PIPELINE phase=RUNNING reached=71650/100000 deferred=0 deferred<=30s=0 maxRetry=0
    capacity_integration_test.go:93: PIPELINE phase=RUNNING reached=72150/100000 deferred=0 deferred<=30s=0 maxRetry=0
    capacity_integration_test.go:93: PIPELINE phase=RUNNING reached=72650/100000 deferred=0 deferred<=30s=0 maxRetry=0
    capacity_integration_test.go:93: PIPELINE phase=RUNNING reached=73100/100000 deferred=0 deferred<=30s=0 maxRetry=0
    capacity_integration_test.go:93: PIPELINE phase=RUNNING reached=73550/100000 deferred=0 deferred<=30s=0 maxRetry=0
    capacity_integration_test.go:93: PIPELINE phase=RUNNING reached=74050/100000 deferred=0 deferred<=30s=0 maxRetry=0
    capacity_integration_test.go:93: PIPELINE phase=RUNNING reached=74550/100000 deferred=0 deferred<=30s=0 maxRetry=0
    capacity_integration_test.go:93: PIPELINE phase=RUNNING reached=75000/100000 deferred=0 deferred<=30s=0 maxRetry=0
    capacity_integration_test.go:93: PIPELINE phase=RUNNING reached=75450/100000 deferred=0 deferred<=30s=0 maxRetry=0
    capacity_integration_test.go:93: PIPELINE phase=RUNNING reached=75950/100000 deferred=0 deferred<=30s=0 maxRetry=0
    capacity_integration_test.go:93: PIPELINE phase=RUNNING reached=76450/100000 deferred=0 deferred<=30s=0 maxRetry=0
    capacity_integration_test.go:93: PIPELINE phase=RUNNING reached=76900/100000 deferred=0 deferred<=30s=0 maxRetry=0
    capacity_integration_test.go:93: PIPELINE phase=RUNNING reached=77400/100000 deferred=0 deferred<=30s=0 maxRetry=0
    capacity_integration_test.go:93: PIPELINE phase=RUNNING reached=77850/100000 deferred=0 deferred<=30s=0 maxRetry=0
    capacity_integration_test.go:93: PIPELINE phase=RUNNING reached=78350/100000 deferred=0 deferred<=30s=0 maxRetry=0
    capacity_integration_test.go:93: PIPELINE phase=RUNNING reached=78850/100000 deferred=0 deferred<=30s=0 maxRetry=0
    capacity_integration_test.go:93: PIPELINE phase=RUNNING reached=79350/100000 deferred=0 deferred<=30s=0 maxRetry=0
    capacity_integration_test.go:93: PIPELINE phase=RUNNING reached=79800/100000 deferred=0 deferred<=30s=0 maxRetry=0
    capacity_integration_test.go:93: PIPELINE phase=RUNNING reached=80300/100000 deferred=0 deferred<=30s=0 maxRetry=0
    capacity_integration_test.go:93: PIPELINE phase=RUNNING reached=80800/100000 deferred=0 deferred<=30s=0 maxRetry=0
    capacity_integration_test.go:93: PIPELINE phase=RUNNING reached=81300/100000 deferred=0 deferred<=30s=0 maxRetry=0
    capacity_integration_test.go:93: PIPELINE phase=RUNNING reached=81800/100000 deferred=0 deferred<=30s=0 maxRetry=0
    capacity_integration_test.go:93: PIPELINE phase=RUNNING reached=82250/100000 deferred=0 deferred<=30s=0 maxRetry=0
    capacity_integration_test.go:93: PIPELINE phase=RUNNING reached=82750/100000 deferred=0 deferred<=30s=0 maxRetry=0
    capacity_integration_test.go:93: PIPELINE phase=RUNNING reached=83250/100000 deferred=0 deferred<=30s=0 maxRetry=0
    capacity_integration_test.go:93: PIPELINE phase=RUNNING reached=83750/100000 deferred=0 deferred<=30s=0 maxRetry=0
    capacity_integration_test.go:93: PIPELINE phase=RUNNING reached=84200/100000 deferred=0 deferred<=30s=0 maxRetry=0
    capacity_integration_test.go:93: PIPELINE phase=RUNNING reached=84700/100000 deferred=0 deferred<=30s=0 maxRetry=0
    capacity_integration_test.go:93: PIPELINE phase=RUNNING reached=85200/100000 deferred=0 deferred<=30s=0 maxRetry=0
    capacity_integration_test.go:93: PIPELINE phase=RUNNING reached=85700/100000 deferred=0 deferred<=30s=0 maxRetry=0
    capacity_integration_test.go:93: PIPELINE phase=RUNNING reached=86150/100000 deferred=0 deferred<=30s=0 maxRetry=0
    capacity_integration_test.go:93: PIPELINE phase=RUNNING reached=86650/100000 deferred=0 deferred<=30s=0 maxRetry=0
    capacity_integration_test.go:93: PIPELINE phase=RUNNING reached=87150/100000 deferred=0 deferred<=30s=0 maxRetry=0
    capacity_integration_test.go:93: PIPELINE phase=RUNNING reached=87650/100000 deferred=0 deferred<=30s=0 maxRetry=0
    capacity_integration_test.go:93: PIPELINE phase=RUNNING reached=88100/100000 deferred=0 deferred<=30s=0 maxRetry=0
    capacity_integration_test.go:93: PIPELINE phase=RUNNING reached=88600/100000 deferred=0 deferred<=30s=0 maxRetry=0
    capacity_integration_test.go:93: PIPELINE phase=RUNNING reached=89100/100000 deferred=0 deferred<=30s=0 maxRetry=0
    capacity_integration_test.go:93: PIPELINE phase=RUNNING reached=89550/100000 deferred=0 deferred<=30s=0 maxRetry=0
    capacity_integration_test.go:93: PIPELINE phase=RUNNING reached=90050/100000 deferred=0 deferred<=30s=0 maxRetry=0
    capacity_integration_test.go:93: PIPELINE phase=RUNNING reached=90550/100000 deferred=0 deferred<=30s=0 maxRetry=0
    capacity_integration_test.go:93: PIPELINE phase=RUNNING reached=91050/100000 deferred=0 deferred<=30s=0 maxRetry=0
    capacity_integration_test.go:93: PIPELINE phase=RUNNING reached=91550/100000 deferred=0 deferred<=30s=0 maxRetry=0
    capacity_integration_test.go:93: PIPELINE phase=RUNNING reached=92050/100000 deferred=0 deferred<=30s=0 maxRetry=0
    capacity_integration_test.go:93: PIPELINE phase=RUNNING reached=92500/100000 deferred=0 deferred<=30s=0 maxRetry=0
    capacity_integration_test.go:93: PIPELINE phase=RUNNING reached=93000/100000 deferred=0 deferred<=30s=0 maxRetry=0
    capacity_integration_test.go:93: PIPELINE phase=RUNNING reached=93450/100000 deferred=0 deferred<=30s=0 maxRetry=0
    capacity_integration_test.go:93: PIPELINE phase=RUNNING reached=93950/100000 deferred=0 deferred<=30s=0 maxRetry=0
    capacity_integration_test.go:93: PIPELINE phase=RUNNING reached=94450/100000 deferred=0 deferred<=30s=0 maxRetry=0
    capacity_integration_test.go:93: PIPELINE phase=RUNNING reached=94950/100000 deferred=0 deferred<=30s=0 maxRetry=0
    capacity_integration_test.go:93: PIPELINE phase=RUNNING reached=95400/100000 deferred=0 deferred<=30s=0 maxRetry=0
    capacity_integration_test.go:93: PIPELINE phase=RUNNING reached=95900/100000 deferred=0 deferred<=30s=0 maxRetry=0
    capacity_integration_test.go:93: PIPELINE phase=RUNNING reached=96350/100000 deferred=0 deferred<=30s=0 maxRetry=0
    capacity_integration_test.go:93: PIPELINE phase=RUNNING reached=96850/100000 deferred=0 deferred<=30s=0 maxRetry=0
    capacity_integration_test.go:93: PIPELINE phase=RUNNING reached=97350/100000 deferred=0 deferred<=30s=0 maxRetry=0
    capacity_integration_test.go:93: PIPELINE phase=RUNNING reached=97850/100000 deferred=0 deferred<=30s=0 maxRetry=0
    capacity_integration_test.go:93: PIPELINE phase=RUNNING reached=98350/100000 deferred=0 deferred<=30s=0 maxRetry=0
    capacity_integration_test.go:93: PIPELINE phase=RUNNING reached=98850/100000 deferred=0 deferred<=30s=0 maxRetry=0
    capacity_integration_test.go:93: PIPELINE phase=RUNNING reached=99300/100000 deferred=0 deferred<=30s=0 maxRetry=0
    capacity_integration_test.go:93: PIPELINE phase=RUNNING reached=99800/100000 deferred=0 deferred<=30s=0 maxRetry=0
    capacity_integration_test.go:106: CAPACITY REPORT tasks=100000 wall=42m34.865s throughput=39 tasks/s
    capacity_integration_test.go:108: CAPACITY REPORT enqueue wall=4m16.089s throughput=390 tasks/s submit p50=242ms p95=344ms p99=416ms
    capacity_integration_test.go:111: CAPACITY REPORT admit wall=7m23.436s throughput=226 tasks/s queue->admit p50=6m1.813s p95=7m15.161s p99=7m21.996s
    capacity_integration_test.go:114: CAPACITY REPORT schedule wall=19m2.747s throughput=88 tasks/s admit->run p50=13m34.831s p95=18m28.448s p99=18m55.95s
    capacity_integration_test.go:117: CAPACITY REPORT complete wall=11m52.559s throughput=140 tasks/s run->done p50=14m55.265s p95=18m34.93s p99=18m57.055s
    capacity_integration_test.go:120: CAPACITY REPORT end-to-end p50=34m32.44s p95=37m56.382s p99=38m14.709s
--- PASS: TestControlPlanePipelineCapacityBaseline (2556.12s)
PASS
ok  	github.com/CloudEdgeCore/AgentOS/internal/kernel/store/postgres	2556.224s
